     VMA      LMA     Size Align Out     In      Symbol
       0        0 80200000     1 . = 0x80200000
80200000 80200000     1804     4 .text
80200000 80200000        e     4         /home/thomas/src/os1k/target/riscv32imac-unknown-none-elf/debug/deps/kernel-c06e9768728fe7d9.cxr7eq1kh8fulebz18j41gv6i.07tcbr0.rcgu.o:(.text.boot)
80200000 80200000        0     1                 .Lpcrel_hi0
80200000 80200000        0     1                 $x
80200000 80200000        e     1                 boot
80200010 80200010       46     4         /home/thomas/src/os1k/target/riscv32imac-unknown-none-elf/debug/deps/kernel-c06e9768728fe7d9.0x5rdvhx4w1yg0p6ps0o3o00r.07tcbr0.rcgu.o:(.text._ZN6kernel7process14switch_context17hd578c7b2cd864671E)
80200010 80200010        0     1                 $x
80200010 80200010       46     1                 kernel::process::switch_context::hd578c7b2cd864671
80200056 80200056       d8     2         /home/thomas/src/os1k/target/riscv32imac-unknown-none-elf/debug/deps/kernel-c06e9768728fe7d9.2jzhnzd9ugfxau17gdhf9s0os.07tcbr0.rcgu.o:(.text._ZN4core3fmt5Write10write_char17hd45715c445a1de53E.llvm.14231973847518908144)
80200056 80200056        0     1                 .L0 
80200056 80200056        0     1                 .L0 
80200056 80200056        0     1                 $x
80200056 80200056        0     1                 .L0 
80200056 80200056       d8     1                 core::fmt::Write::write_char::hd45715c445a1de53 (.llvm.14231973847518908144)
8020005a 8020005a        0     1                 .L0 
8020005e 8020005e        0     1                 .L0 
80200060 80200060        0     1                 .L0 
80200060 80200060        0     1                 .L0 
80200064 80200064        0     1                 .L0 
80200064 80200064        0     1                 .L0 
8020006a 8020006a        0     1                 .L0 
8020006a 8020006a        0     1                 .L0 
8020006c 8020006c        0     1                 .L0 
80200074 80200074        0     1                 .L0 
80200074 80200074        0     1                 .L0 
80200076 80200076        0     1                 .L0 
8020007a 8020007a        0     1                 .L0 
8020007a 8020007a        0     1                 .L0 
8020007a 8020007a        0     1                 .L0 
80200080 80200080        0     1                 .L0 
80200080 80200080        0     1                 .L0 
80200084 80200084        0     1                 .L0 
80200088 80200088        0     1                 .L0 
80200088 80200088        0     1                 .L0 
8020008c 8020008c        0     1                 .L0 
80200090 80200090        0     1                 .L0 
80200094 80200094        0     1                 .L0 
8020009a 8020009a        0     1                 .L0 
8020009a 8020009a        0     1                 .L0 
802000a4 802000a4        0     1                 .L0 
802000a4 802000a4        0     1                 .L0 
802000a6 802000a6        0     1                 .L0 
802000aa 802000aa        0     1                 .L0 
802000aa 802000aa        0     1                 .L0 
802000aa 802000aa        0     1                 .L0 
802000ae 802000ae        0     1                 .L0 
802000ae 802000ae        0     1                 .L0 
802000b0 802000b0        0     1                 .L0 
802000b0 802000b0        0     1                 .L0 
802000b4 802000b4        0     1                 .L0 
802000b8 802000b8        0     1                 .L0 
802000bc 802000bc        0     1                 .L0 
802000bc 802000bc        0     1                 .L0 
802000c0 802000c0        0     1                 .L0 
802000c2 802000c2        0     1                 .L0 
802000c6 802000c6        0     1                 .L0 
802000ca 802000ca        0     1                 .L0 
802000ce 802000ce        0     1                 .L0 
802000d2 802000d2        0     1                 .L0 
802000d8 802000d8        0     1                 .L0 
802000d8 802000d8        0     1                 .L0 
802000e2 802000e2        0     1                 .L0 
802000e2 802000e2        0     1                 .L0 
802000e4 802000e4        0     1                 .L0 
802000e8 802000e8        0     1                 .L0 
802000e8 802000e8        0     1                 .L0 
802000ec 802000ec        0     1                 .L0 
802000f0 802000f0        0     1                 .L0 
802000f4 802000f4        0     1                 .L0 
802000f8 802000f8        0     1                 .L0 
802000f8 802000f8        0     1                 .L0 
802000fc 802000fc        0     1                 .L0 
802000fe 802000fe        0     1                 .L0 
80200100 80200100        0     1                 .L0 
80200104 80200104        0     1                 .L0 
80200108 80200108        0     1                 .L0 
8020010c 8020010c        0     1                 .L0 
80200110 80200110        0     1                 .L0 
80200114 80200114        0     1                 .L0 
80200118 80200118        0     1                 .L0 
8020011e 8020011e        0     1                 .L0 
8020011e 8020011e        0     1                 .L0 
80200128 80200128        0     1                 .L0 
80200128 80200128        0     1                 .L0 
8020012e 8020012e        0     1                 .L0 
8020012e 8020012e        0     1                 .L0 
8020012e 8020012e        0     1                 .L0 
8020012e 8020012e       34     2         /home/thomas/src/os1k/target/riscv32imac-unknown-none-elf/debug/deps/kernel-c06e9768728fe7d9.2jzhnzd9ugfxau17gdhf9s0os.07tcbr0.rcgu.o:(.text._ZN4core3fmt5Write9write_fmt17h5328ab8dc9eec0d1E)
8020012e 8020012e        0     1                 .L0 
8020012e 8020012e        0     1                 .L0 
8020012e 8020012e        0     1                 $x
8020012e 8020012e        0     1                 .L0 
8020012e 8020012e       34     1                 core::fmt::Write::write_fmt::h5328ab8dc9eec0d1
80200132 80200132        0     1                 .L0 
80200132 80200132        0     1                 .L0 
8020015c 8020015c        0     1                 .L0 
80200162 80200162        0     1                 .L0 
80200162 80200162       48     2         /home/thomas/src/os1k/target/riscv32imac-unknown-none-elf/debug/deps/kernel-c06e9768728fe7d9.548tbhd4jfr78bja788la4y0e.07tcbr0.rcgu.o:(.text._RNvCsj4CZ6flxxfE_7___rustc17rust_begin_unwind)
80200162 80200162        0     1                 .L0 
80200162 80200162        0     1                 .L0 
80200162 80200162        0     1                 $x
80200162 80200162        0     1                 .L0 
80200162 80200162       48     1                 __rustc::rust_begin_unwind
8020016a 8020016a        0     1                 .L0 
80200172 80200172        0     1                 .L0 
8020017a 8020017a        0     1                 .L0 
8020017e 8020017e        0     1                 .L0 
80200184 80200184        0     1                 .L0 
802001a4 802001a4        0     1                 .L0 
802001aa 802001aa        0     1                 .L0 
802001aa 802001aa        0     1                 .L0 
802001aa 802001aa        0     1                 .L0 
802001aa 802001aa       56     2         /home/thomas/src/os1k/target/riscv32imac-unknown-none-elf/debug/deps/kernel-c06e9768728fe7d9.5uduoz4ae6rgnor7psz5yxxuj.07tcbr0.rcgu.o:(.text._ZN6kernel8spinlock17SpinLock$LT$T$GT$4lock17h01da310b68558350E)
802001aa 802001aa        0     1                 .L0 
802001aa 802001aa        0     1                 .L0 
802001aa 802001aa        0     1                 $x
802001aa 802001aa        0     1                 .L0 
802001aa 802001aa       56     1                 kernel::spinlock::SpinLock$LT$T$GT$::lock::h01da310b68558350
802001aa 802001aa       56     1                 kernel::spinlock::SpinLock$LT$T$GT$::lock::hf12b01295e831b83
802001b6 802001b6        0     1                 .L0 
802001bc 802001bc        0     1                 .L0 
802001bc 802001bc        0     1                 .L0 
802001be 802001be        0     1                 .L0 
802001c0 802001c0        0     1                 .L0 
802001c8 802001c8        0     1                 .L0 
802001c8 802001c8        0     1                 .L0 
802001ca 802001ca        0     1                 .L0 
802001ca 802001ca        0     1                 .L0 
802001d2 802001d2        0     1                 .L0 
802001d2 802001d2        0     1                 .L0 
802001d6 802001d6        0     1                 .L0 
802001d6 802001d6        0     1                 .L0 
802001e6 802001e6        0     1                 .L0 
802001e6 802001e6        0     1                 .L0 
802001ee 802001ee        0     1                 .L0 
802001ee 802001ee        0     1                 .L0 
802001f0 802001f0        0     1                 .L0 
802001f0 802001f0        0     1                 .L0 
802001f2 802001f2        0     1                 .L0 
802001fa 802001fa        0     1                 .L0 
802001fc 802001fc        0     1                 .L0 
80200200 80200200        0     1                 .L0 
80200200 80200200        0     1                 .L0 
80200200 80200200        0     1                 .L0 
80200200 80200200        e     2         /home/thomas/src/os1k/target/riscv32imac-unknown-none-elf/debug/deps/kernel-c06e9768728fe7d9.6ac1giq2i8u2vj5q6w8tn7q6d.07tcbr0.rcgu.o:(.text.put_byte)
80200200 80200200        0     1                 .L0 
80200200 80200200        0     1                 .L0 
80200200 80200200        0     1                 $x
80200200 80200200        0     1                 .L0 
80200200 80200200        e     1                 put_byte
80200208 80200208        0     1                 .L0 
8020020c 8020020c        0     1                 .L0 
8020020e 8020020e        0     1                 .L0 
80200210 80200210       96     4         /home/thomas/src/os1k/target/riscv32imac-unknown-none-elf/debug/deps/kernel-c06e9768728fe7d9.b5mvlyaryl9seod8lt9wev09o.07tcbr0.rcgu.o:(.text._ZN6kernel5entry12kernel_entry17ha7dda39d463d5e5eE)
80200210 80200210        0     1                 $x
80200210 80200210       96     1                 kernel::entry::kernel_entry::ha7dda39d463d5e5e
802002a6 802002a6       56     2         /home/thomas/src/os1k/target/riscv32imac-unknown-none-elf/debug/deps/kernel-c06e9768728fe7d9.b5mvlyaryl9seod8lt9wev09o.07tcbr0.rcgu.o:(.text.unlikely.handle_trap)
802002a6 802002a6        0     1                 .L0 
802002a6 802002a6        0     1                 .L0 
802002a6 802002a6        0     1                 $x
802002a6 802002a6        0     1                 .L0 
802002a6 802002a6       56     1                 handle_trap
802002a8 802002a8        0     1                 .L0 
802002ac 802002ac        0     1                 .L0 
802002ae 802002ae        0     1                 .L0 
802002b6 802002b6        0     1                 .L0 
802002b8 802002b8        0     1                 .L0 
802002bc 802002bc        0     1                 .L0 
802002c0 802002c0        0     1                 .L0 
802002c8 802002c8        0     1                 .L0 
802002ca 802002ca        0     1                 .L0 
802002ce 802002ce        0     1                 .L0 
802002dc 802002dc        0     1                 .L0 
802002de 802002de        0     1                 .L0 
802002e0 802002e0        0     1                 .L0 
802002ea 802002ea        0     1                 .L0 
802002fc 802002fc        0     1                 .L0 
802002fc 802002fc        a     2         /home/thomas/src/os1k/target/riscv32imac-unknown-none-elf/debug/deps/kernel-c06e9768728fe7d9.blob32qerc0p7838oqlfrx4cn.07tcbr0.rcgu.o:(.text._ZN44_$LT$$RF$T$u20$as$u20$core..fmt..Display$GT$3fmt17h76b5c0a7e0921d7fE)
802002fc 802002fc        0     1                 .L0 
802002fc 802002fc        0     1                 .L0 
802002fc 802002fc        0     1                 $x
802002fc 802002fc        0     1                 .L0 
802002fc 802002fc        a     1                 _$LT$$RF$T$u20$as$u20$core..fmt..Display$GT$::fmt::h76b5c0a7e0921d7f
802002fe 802002fe        0     1                 .L0 
80200306 80200306        0     1                 .L0 
80200306 80200306      190     2         /home/thomas/src/os1k/target/riscv32imac-unknown-none-elf/debug/deps/kernel-c06e9768728fe7d9.cxr7eq1kh8fulebz18j41gv6i.07tcbr0.rcgu.o:(.text._ZN4core6option15Option$LT$T$GT$18get_or_insert_with17h28d9368beb33bb05E)
80200306 80200306      190     1                 core::option::Option$LT$T$GT$::get_or_insert_with::h28d9368beb33bb05
80200306 80200306        0     1                 .L0 
80200306 80200306        0     1                 .L0 
80200306 80200306        0     1                 $x
80200306 80200306        0     1                 .L0 
80200314 80200314        0     1                 .L0 
80200316 80200316        0     1                 .L0 
80200318 80200318        0     1                 .L0 
8020031c 8020031c        0     1                 .L0 
8020031c 8020031c        0     1                 .L0 
80200324 80200324        0     1                 .L0 
80200324 80200324        0     1                 .L0 
8020032a 8020032a        0     1                 .L0 
8020032c 8020032c        0     1                 .L0 
80200336 80200336        0     1                 .L0 
8020033a 8020033a        0     1                 .L0 
8020033a 8020033a        0     1                 .L0 
8020033c 8020033c        0     1                 .L0 
8020033c 8020033c        0     1                 .L0 
80200344 80200344        0     1                 .L0 
80200344 80200344        0     1                 .L0 
80200348 80200348        0     1                 .L0 
80200348 80200348        0     1                 .L0 
80200358 80200358        0     1                 .L0 
80200358 80200358        0     1                 .L0 
80200360 80200360        0     1                 .L0 
80200360 80200360        0     1                 .L0 
80200362 80200362        0     1                 .L0 
80200362 80200362        0     1                 .L0 
80200364 80200364        0     1                 .L0 
8020036c 8020036c        0     1                 .L0 
8020036e 8020036e        0     1                 .L0 
8020036e 8020036e        0     1                 .L0 
80200370 80200370        0     1                 .L0 
80200370 80200370        0     1                 .L0 
80200382 80200382        0     1                 .L0 
80200382 80200382        0     1                 .L0 
80200384 80200384        0     1                 .L0 
80200384 80200384        0     1                 .L0 
8020038e 8020038e        0     1                 .L0 
8020038e 8020038e        0     1                 .L0 
80200390 80200390        0     1                 .L0 
80200390 80200390        0     1                 .L0 
8020039a 8020039a        0     1                 .L0 
8020039a 8020039a        0     1                 .L0 
8020039c 8020039c        0     1                 .L0 
8020039c 8020039c        0     1                 .L0 
802003a6 802003a6        0     1                 .L0 
802003a6 802003a6        0     1                 .L0 
802003a8 802003a8        0     1                 .L0 
802003a8 802003a8        0     1                 .L0 
802003b2 802003b2        0     1                 .L0 
802003b2 802003b2        0     1                 .L0 
802003b4 802003b4        0     1                 .L0 
802003b4 802003b4        0     1                 .L0 
802003be 802003be        0     1                 .L0 
802003be 802003be        0     1                 .L0 
802003c0 802003c0        0     1                 .L0 
802003c0 802003c0        0     1                 .L0 
802003c8 802003c8        0     1                 .L0 
802003c8 802003c8        0     1                 .L0 
802003ca 802003ca        0     1                 .L0 
802003ca 802003ca        0     1                 .L0 
802003d0 802003d0        0     1                 .L0 
802003d4 802003d4        0     1                 .L0 
802003da 802003da        0     1                 .L0 
802003dc 802003dc        0     1                 .L0 
802003de 802003de        0     1                 .L0 
802003de 802003de        0     1                 .L0 
802003e2 802003e2        0     1                 .L0 
802003e4 802003e4        0     1                 .L0 
802003e6 802003e6        0     1                 .L0 
802003e6 802003e6        0     1                 .L0 
802003ec 802003ec        0     1                 .L0 
802003ee 802003ee        0     1                 .L0 
802003f0 802003f0        0     1                 .L0 
802003f0 802003f0        0     1                 .L0 
802003f6 802003f6        0     1                 .L0 
802003f8 802003f8        0     1                 .L0 
802003fa 802003fa        0     1                 .L0 
802003fa 802003fa        0     1                 .L0 
80200400 80200400        0     1                 .L0 
80200402 80200402        0     1                 .L0 
80200404 80200404        0     1                 .L0 
80200404 80200404        0     1                 .L0 
80200410 80200410        0     1                 .L0 
80200410 80200410        0     1                 .L0 
80200418 80200418        0     1                 .L0 
80200418 80200418        0     1                 .L0 
8020041c 8020041c        0     1                 .L0 
8020041c 8020041c        0     1                 .L0 
80200420 80200420        0     1                 .L0 
80200420 80200420        0     1                 .L0 
8020043c 8020043c        0     1                 .L0 
8020043c 8020043c        0     1                 .L0 
8020043e 8020043e        0     1                 .L0 
8020043e 8020043e        0     1                 .L0 
80200442 80200442        0     1                 .L0 
8020044e 8020044e        0     1                 .L0 
8020044e 8020044e        0     1                 .L0 
80200452 80200452        0     1                 .L0 
80200456 80200456        0     1                 .L0 
80200458 80200458        0     1                 .L0 
80200458 80200458        0     1                 .L0 
8020045a 8020045a        0     1                 .L0 
80200464 80200464        0     1                 .L0 
80200464 80200464        0     1                 .L0 
8020046c 8020046c        0     1                 .L0 
8020046c 8020046c        0     1                 .L0 
80200476 80200476        0     1                 .L0 
80200478 80200478        0     1                 .L0 
8020047c 8020047c        0     1                 .L0 
8020047c 8020047c        0     1                 .L0 
80200484 80200484        0     1                 .L0 
80200496 80200496        0     1                 .L0 
80200496 80200496        0     1                 .L0 
80200496 80200496        0     1                 .L0 
80200496 80200496        0     1                 .L0 
80200496 80200496      190     2         /home/thomas/src/os1k/target/riscv32imac-unknown-none-elf/debug/deps/kernel-c06e9768728fe7d9.cxr7eq1kh8fulebz18j41gv6i.07tcbr0.rcgu.o:(.text._ZN4core6option15Option$LT$T$GT$18get_or_insert_with17hbf99e155caa5b296E)
80200496 80200496      190     1                 core::option::Option$LT$T$GT$::get_or_insert_with::hbf99e155caa5b296
80200496 80200496        0     1                 .L0 
80200496 80200496        0     1                 .L0 
80200496 80200496        0     1                 $x
80200496 80200496        0     1                 .L0 
802004a4 802004a4        0     1                 .L0 
802004a6 802004a6        0     1                 .L0 
802004a8 802004a8        0     1                 .L0 
802004ac 802004ac        0     1                 .L0 
802004ac 802004ac        0     1                 .L0 
802004b4 802004b4        0     1                 .L0 
802004b4 802004b4        0     1                 .L0 
802004ba 802004ba        0     1                 .L0 
802004bc 802004bc        0     1                 .L0 
802004c6 802004c6        0     1                 .L0 
802004ca 802004ca        0     1                 .L0 
802004ca 802004ca        0     1                 .L0 
802004cc 802004cc        0     1                 .L0 
802004cc 802004cc        0     1                 .L0 
802004d4 802004d4        0     1                 .L0 
802004d4 802004d4        0     1                 .L0 
802004d8 802004d8        0     1                 .L0 
802004d8 802004d8        0     1                 .L0 
802004e8 802004e8        0     1                 .L0 
802004e8 802004e8        0     1                 .L0 
802004f0 802004f0        0     1                 .L0 
802004f0 802004f0        0     1                 .L0 
802004f2 802004f2        0     1                 .L0 
802004f2 802004f2        0     1                 .L0 
802004f4 802004f4        0     1                 .L0 
802004fc 802004fc        0     1                 .L0 
802004fe 802004fe        0     1                 .L0 
802004fe 802004fe        0     1                 .L0 
80200500 80200500        0     1                 .L0 
80200500 80200500        0     1                 .L0 
80200512 80200512        0     1                 .L0 
80200512 80200512        0     1                 .L0 
80200514 80200514        0     1                 .L0 
80200514 80200514        0     1                 .L0 
8020051e 8020051e        0     1                 .L0 
8020051e 8020051e        0     1                 .L0 
80200520 80200520        0     1                 .L0 
80200520 80200520        0     1                 .L0 
8020052a 8020052a        0     1                 .L0 
8020052a 8020052a        0     1                 .L0 
8020052c 8020052c        0     1                 .L0 
8020052c 8020052c        0     1                 .L0 
80200536 80200536        0     1                 .L0 
80200536 80200536        0     1                 .L0 
80200538 80200538        0     1                 .L0 
80200538 80200538        0     1                 .L0 
80200542 80200542        0     1                 .L0 
80200542 80200542        0     1                 .L0 
80200544 80200544        0     1                 .L0 
80200544 80200544        0     1                 .L0 
8020054e 8020054e        0     1                 .L0 
8020054e 8020054e        0     1                 .L0 
80200550 80200550        0     1                 .L0 
80200550 80200550        0     1                 .L0 
80200558 80200558        0     1                 .L0 
80200558 80200558        0     1                 .L0 
8020055a 8020055a        0     1                 .L0 
8020055a 8020055a        0     1                 .L0 
80200560 80200560        0     1                 .L0 
80200564 80200564        0     1                 .L0 
8020056a 8020056a        0     1                 .L0 
8020056c 8020056c        0     1                 .L0 
8020056e 8020056e        0     1                 .L0 
8020056e 8020056e        0     1                 .L0 
80200572 80200572        0     1                 .L0 
80200574 80200574        0     1                 .L0 
80200576 80200576        0     1                 .L0 
80200576 80200576        0     1                 .L0 
8020057c 8020057c        0     1                 .L0 
8020057e 8020057e        0     1                 .L0 
80200580 80200580        0     1                 .L0 
80200580 80200580        0     1                 .L0 
80200586 80200586        0     1                 .L0 
80200588 80200588        0     1                 .L0 
8020058a 8020058a        0     1                 .L0 
8020058a 8020058a        0     1                 .L0 
80200590 80200590        0     1                 .L0 
80200592 80200592        0     1                 .L0 
80200594 80200594        0     1                 .L0 
80200594 80200594        0     1                 .L0 
802005a0 802005a0        0     1                 .L0 
802005a0 802005a0        0     1                 .L0 
802005a8 802005a8        0     1                 .L0 
802005a8 802005a8        0     1                 .L0 
802005ac 802005ac        0     1                 .L0 
802005ac 802005ac        0     1                 .L0 
802005b0 802005b0        0     1                 .L0 
802005b0 802005b0        0     1                 .L0 
802005cc 802005cc        0     1                 .L0 
802005cc 802005cc        0     1                 .L0 
802005ce 802005ce        0     1                 .L0 
802005ce 802005ce        0     1                 .L0 
802005d2 802005d2        0     1                 .L0 
802005de 802005de        0     1                 .L0 
802005de 802005de        0     1                 .L0 
802005e2 802005e2        0     1                 .L0 
802005e6 802005e6        0     1                 .L0 
802005e8 802005e8        0     1                 .L0 
802005e8 802005e8        0     1                 .L0 
802005ea 802005ea        0     1                 .L0 
802005f4 802005f4        0     1                 .L0 
802005f4 802005f4        0     1                 .L0 
802005fc 802005fc        0     1                 .L0 
802005fc 802005fc        0     1                 .L0 
80200606 80200606        0     1                 .L0 
80200608 80200608        0     1                 .L0 
8020060c 8020060c        0     1                 .L0 
8020060c 8020060c        0     1                 .L0 
80200614 80200614        0     1                 .L0 
80200626 80200626        0     1                 .L0 
80200626 80200626        0     1                 .L0 
80200626 80200626        0     1                 .L0 
80200626 80200626        0     1                 .L0 
80200626 80200626      2d4     2         /home/thomas/src/os1k/target/riscv32imac-unknown-none-elf/debug/deps/kernel-c06e9768728fe7d9.cxr7eq1kh8fulebz18j41gv6i.07tcbr0.rcgu.o:(.text._ZN6kernel12proc_a_entry17h33ef1e31a82d8364E)
80200626 80200626      2d4     1                 kernel::proc_a_entry::h33ef1e31a82d8364
80200626 80200626        0     1                 .L0 
80200626 80200626        0     1                 .L0 
80200626 80200626        0     1                 $x
80200626 80200626        0     1                 .L0 
80200642 80200642        0     1                 .L0 
80200642 80200642        0     1                 .L0 
80200658 80200658        0     1                 .L0 
802006ce 802006ce        0     1                 .L0 
802006ce 802006ce        0     1                 .L0 
802006dc 802006dc        0     1                 .L0 
802006e4 802006e4        0     1                 .L0 
802006e4 802006e4        0     1                 .L0 
802006ec 802006ec        0     1                 .L0 
802006ec 802006ec        0     1                 .L0 
802006ee 802006ee        0     1                 .L0 
802006ee 802006ee        0     1                 .L0 
802006f2 802006f2        0     1                 .L0 
802006f2 802006f2        0     1                 .L0 
802006fa 802006fa        0     1                 .L0 
802006fa 802006fa        0     1                 .L0 
80200702 80200702        0     1                 .L0 
80200702 80200702        0     1                 .L0 
8020070a 8020070a        0     1                 .L0 
8020070a 8020070a        0     1                 .L0 
8020070c 8020070c        0     1                 .L0 
8020070c 8020070c        0     1                 .L0 
80200714 80200714        0     1                 .L0 
80200714 80200714        0     1                 .L0 
80200718 80200718        0     1                 .L0 
80200718 80200718        0     1                 .L0 
8020071e 8020071e        0     1                 .L0 
8020071e 8020071e        0     1                 .L0 
80200722 80200722        0     1                 .L0 
80200726 80200726        0     1                 .L0 
80200726 80200726        0     1                 .L0 
8020072e 8020072e        0     1                 .L0 
8020072e 8020072e        0     1                 .L0 
80200730 80200730        0     1                 .L0 
80200730 80200730        0     1                 .L0 
80200734 80200734        0     1                 .L0 
80200734 80200734        0     1                 .L0 
80200744 80200744        0     1                 .L0 
80200744 80200744        0     1                 .L0 
8020074c 8020074c        0     1                 .L0 
8020074c 8020074c        0     1                 .L0 
8020074e 8020074e        0     1                 .L0 
8020074e 8020074e        0     1                 .L0 
80200752 80200752        0     1                 .L0 
80200752 80200752        0     1                 .L0 
80200756 80200756        0     1                 .L0 
80200756 80200756        0     1                 .L0 
8020075a 8020075a        0     1                 .L0 
8020075a 8020075a        0     1                 .L0 
80200762 80200762        0     1                 .L0 
80200762 80200762        0     1                 .L0 
8020076a 8020076a        0     1                 .L0 
8020076a 8020076a        0     1                 .L0 
8020076c 8020076c        0     1                 .L0 
8020076c 8020076c        0     1                 .L0 
80200770 80200770        0     1                 .L0 
80200770 80200770        0     1                 .L0 
80200780 80200780        0     1                 .L0 
80200780 80200780        0     1                 .L0 
80200788 80200788        0     1                 .L0 
80200788 80200788        0     1                 .L0 
8020078a 8020078a        0     1                 .L0 
8020078a 8020078a        0     1                 .L0 
80200796 80200796        0     1                 .L0 
80200796 80200796        0     1                 .L0 
80200798 80200798        0     1                 .L0 
80200798 80200798        0     1                 .L0 
8020079e 8020079e        0     1                 .L0 
8020079e 8020079e        0     1                 .L0 
802007a6 802007a6        0     1                 .L0 
802007a6 802007a6        0     1                 .L0 
802007a8 802007a8        0     1                 .L0 
802007a8 802007a8        0     1                 .L0 
802007ae 802007ae        0     1                 .L0 
802007ae 802007ae        0     1                 .L0 
802007b0 802007b0        0     1                 .L0 
802007b0 802007b0        0     1                 .L0 
802007b6 802007b6        0     1                 .L0 
802007b6 802007b6        0     1                 .L0 
802007b8 802007b8        0     1                 .L0 
802007b8 802007b8        0     1                 .L0 
802007be 802007be        0     1                 .L0 
802007be 802007be        0     1                 .L0 
802007c0 802007c0        0     1                 .L0 
802007c0 802007c0        0     1                 .L0 
802007c6 802007c6        0     1                 .L0 
802007c6 802007c6        0     1                 .L0 
802007c8 802007c8        0     1                 .L0 
802007c8 802007c8        0     1                 .L0 
802007ce 802007ce        0     1                 .L0 
802007ce 802007ce        0     1                 .L0 
802007d0 802007d0        0     1                 .L0 
802007d0 802007d0        0     1                 .L0 
802007d6 802007d6        0     1                 .L0 
802007d6 802007d6        0     1                 .L0 
802007d8 802007d8        0     1                 .L0 
802007d8 802007d8        0     1                 .L0 
802007de 802007de        0     1                 .L0 
802007de 802007de        0     1                 .L0 
802007e0 802007e0        0     1                 .L0 
802007e0 802007e0        0     1                 .L0 
802007e6 802007e6        0     1                 .L0 
802007e6 802007e6        0     1                 .L0 
802007e8 802007e8        0     1                 .L0 
802007e8 802007e8        0     1                 .L0 
802007ee 802007ee        0     1                 .L0 
802007ee 802007ee        0     1                 .L0 
802007f0 802007f0        0     1                 .L0 
802007f0 802007f0        0     1                 .L0 
802007f6 802007f6        0     1                 .L0 
802007f6 802007f6        0     1                 .L0 
802007f8 802007f8        0     1                 .L0 
802007f8 802007f8        0     1                 .L0 
802007fc 802007fc        0     1                 .L0 
802007fe 802007fe        0     1                 .L0 
80200800 80200800        0     1                 .L0 
80200800 80200800        0     1                 .L0 
80200802 80200802        0     1                 .L0 
80200802 80200802        0     1                 .L0 
80200808 80200808        0     1                 .L0 
80200808 80200808        0     1                 .L0 
8020080a 8020080a        0     1                 .L0 
8020080a 8020080a        0     1                 .L0 
8020080e 8020080e        0     1                 .L0 
80200816 80200816        0     1                 .L0 
80200818 80200818        0     1                 .L0 
8020081a 8020081a        0     1                 .L0 
8020081a 8020081a        0     1                 .L0 
8020081c 8020081c        0     1                 .L0 
80200822 80200822        0     1                 .L0 
80200824 80200824        0     1                 .L0 
80200826 80200826        0     1                 .L0 
80200826 80200826        0     1                 .L0 
80200828 80200828        0     1                 .L0 
8020082e 8020082e        0     1                 .L0 
80200830 80200830        0     1                 .L0 
80200832 80200832        0     1                 .L0 
80200832 80200832        0     1                 .L0 
80200834 80200834        0     1                 .L0 
8020083a 8020083a        0     1                 .L0 
8020083c 8020083c        0     1                 .L0 
8020083e 8020083e        0     1                 .L0 
8020083e 8020083e        0     1                 .L0 
80200840 80200840        0     1                 .L0 
80200846 80200846        0     1                 .L0 
80200848 80200848        0     1                 .L0 
8020084a 8020084a        0     1                 .L0 
8020084a 8020084a        0     1                 .L0 
8020084c 8020084c        0     1                 .L0 
80200852 80200852        0     1                 .L0 
80200854 80200854        0     1                 .L0 
80200856 80200856        0     1                 .L0 
80200856 80200856        0     1                 .L0 
80200858 80200858        0     1                 .L0 
8020085e 8020085e        0     1                 .L0 
8020085e 8020085e        0     1                 .L0 
80200860 80200860        0     1                 .L0 
80200860 80200860        0     1                 .L0 
80200864 80200864        0     1                 .L0 
80200864 80200864        0     1                 .L0 
80200868 80200868        0     1                 .L0 
80200868 80200868        0     1                 .L0 
8020086c 8020086c        0     1                 .L0 
8020086c 8020086c        0     1                 .L0 
80200878 80200878        0     1                 .L0 
80200878 80200878        0     1                 .L0 
8020087a 8020087a        0     1                 .L0 
8020087c 8020087c        0     1                 .L0 
8020087e 8020087e        0     1                 .L0 
8020087e 8020087e        0     1                 .L0 
80200880 80200880        0     1                 .L0 
80200880 80200880        0     1                 .L0 
80200884 80200884        0     1                 .L0 
80200884 80200884        0     1                 .L0 
8020088c 8020088c        0     1                 .L0 
8020088c 8020088c        0     1                 .L0 
8020088e 8020088e        0     1                 .L0 
8020088e 8020088e        0     1                 .L0 
80200890 80200890        0     1                 .L0 
80200890 80200890        0     1                 .L0 
80200892 80200892        0     1                 .L0 
80200892 80200892        0     1                 .L0 
80200896 80200896        0     1                 .L0 
80200896 80200896        0     1                 .L0 
8020089a 8020089a        0     1                 .L0 
802008b0 802008b0        0     1                 .L0 
802008b0 802008b0        0     1                 .L0 
802008b4 802008b4        0     1                 .L0 
802008ca 802008ca        0     1                 .L0 
802008ca 802008ca        0     1                 .L0 
802008d8 802008d8        0     1                 .L0 
802008de 802008de        0     1                 .L0 
802008de 802008de        0     1                 .L0 
802008e6 802008e6        0     1                 .L0 
802008f2 802008f2        0     1                 .L0 
802008fa 802008fa        0     1                 .L0 
802008fa 802008fa        0     1                 .L0 
802008fa 802008fa        0     1                 .L0 
802008fa 802008fa        0     1                 .L0 
802008fa 802008fa      2d8     2         /home/thomas/src/os1k/target/riscv32imac-unknown-none-elf/debug/deps/kernel-c06e9768728fe7d9.cxr7eq1kh8fulebz18j41gv6i.07tcbr0.rcgu.o:(.text._ZN6kernel12proc_b_entry17had5f49d86bb3147dE)
802008fa 802008fa      2d8     1                 kernel::proc_b_entry::had5f49d86bb3147d
802008fa 802008fa        0     1                 .L0 
802008fa 802008fa        0     1                 .L0 
802008fa 802008fa        0     1                 $x
802008fa 802008fa        0     1                 .L0 
80200916 80200916        0     1                 .L0 
80200916 80200916        0     1                 .L0 
8020092c 8020092c        0     1                 .L0 
802009a2 802009a2        0     1                 .L0 
802009a2 802009a2        0     1                 .L0 
802009b0 802009b0        0     1                 .L0 
802009b8 802009b8        0     1                 .L0 
802009b8 802009b8        0     1                 .L0 
802009c0 802009c0        0     1                 .L0 
802009c0 802009c0        0     1                 .L0 
802009c2 802009c2        0     1                 .L0 
802009c2 802009c2        0     1                 .L0 
802009c6 802009c6        0     1                 .L0 
802009c6 802009c6        0     1                 .L0 
802009ce 802009ce        0     1                 .L0 
802009ce 802009ce        0     1                 .L0 
802009d6 802009d6        0     1                 .L0 
802009d6 802009d6        0     1                 .L0 
802009de 802009de        0     1                 .L0 
802009de 802009de        0     1                 .L0 
802009e0 802009e0        0     1                 .L0 
802009e0 802009e0        0     1                 .L0 
802009e8 802009e8        0     1                 .L0 
802009e8 802009e8        0     1                 .L0 
802009ec 802009ec        0     1                 .L0 
802009ec 802009ec        0     1                 .L0 
802009f2 802009f2        0     1                 .L0 
802009f2 802009f2        0     1                 .L0 
802009f6 802009f6        0     1                 .L0 
802009fa 802009fa        0     1                 .L0 
802009fa 802009fa        0     1                 .L0 
80200a02 80200a02        0     1                 .L0 
80200a02 80200a02        0     1                 .L0 
80200a04 80200a04        0     1                 .L0 
80200a04 80200a04        0     1                 .L0 
80200a08 80200a08        0     1                 .L0 
80200a08 80200a08        0     1                 .L0 
80200a18 80200a18        0     1                 .L0 
80200a18 80200a18        0     1                 .L0 
80200a20 80200a20        0     1                 .L0 
80200a20 80200a20        0     1                 .L0 
80200a22 80200a22        0     1                 .L0 
80200a22 80200a22        0     1                 .L0 
80200a26 80200a26        0     1                 .L0 
80200a26 80200a26        0     1                 .L0 
80200a2a 80200a2a        0     1                 .L0 
80200a2a 80200a2a        0     1                 .L0 
80200a2e 80200a2e        0     1                 .L0 
80200a2e 80200a2e        0     1                 .L0 
80200a36 80200a36        0     1                 .L0 
80200a36 80200a36        0     1                 .L0 
80200a3e 80200a3e        0     1                 .L0 
80200a3e 80200a3e        0     1                 .L0 
80200a40 80200a40        0     1                 .L0 
80200a40 80200a40        0     1                 .L0 
80200a44 80200a44        0     1                 .L0 
80200a44 80200a44        0     1                 .L0 
80200a54 80200a54        0     1                 .L0 
80200a54 80200a54        0     1                 .L0 
80200a5c 80200a5c        0     1                 .L0 
80200a5c 80200a5c        0     1                 .L0 
80200a5e 80200a5e        0     1                 .L0 
80200a5e 80200a5e        0     1                 .L0 
80200a6a 80200a6a        0     1                 .L0 
80200a6a 80200a6a        0     1                 .L0 
80200a6c 80200a6c        0     1                 .L0 
80200a6c 80200a6c        0     1                 .L0 
80200a72 80200a72        0     1                 .L0 
80200a72 80200a72        0     1                 .L0 
80200a7a 80200a7a        0     1                 .L0 
80200a7a 80200a7a        0     1                 .L0 
80200a7c 80200a7c        0     1                 .L0 
80200a7c 80200a7c        0     1                 .L0 
80200a82 80200a82        0     1                 .L0 
80200a82 80200a82        0     1                 .L0 
80200a84 80200a84        0     1                 .L0 
80200a84 80200a84        0     1                 .L0 
80200a8a 80200a8a        0     1                 .L0 
80200a8a 80200a8a        0     1                 .L0 
80200a8c 80200a8c        0     1                 .L0 
80200a8c 80200a8c        0     1                 .L0 
80200a92 80200a92        0     1                 .L0 
80200a92 80200a92        0     1                 .L0 
80200a94 80200a94        0     1                 .L0 
80200a94 80200a94        0     1                 .L0 
80200a9a 80200a9a        0     1                 .L0 
80200a9a 80200a9a        0     1                 .L0 
80200a9c 80200a9c        0     1                 .L0 
80200a9c 80200a9c        0     1                 .L0 
80200aa2 80200aa2        0     1                 .L0 
80200aa2 80200aa2        0     1                 .L0 
80200aa4 80200aa4        0     1                 .L0 
80200aa4 80200aa4        0     1                 .L0 
80200aaa 80200aaa        0     1                 .L0 
80200aaa 80200aaa        0     1                 .L0 
80200aac 80200aac        0     1                 .L0 
80200aac 80200aac        0     1                 .L0 
80200ab2 80200ab2        0     1                 .L0 
80200ab2 80200ab2        0     1                 .L0 
80200ab4 80200ab4        0     1                 .L0 
80200ab4 80200ab4        0     1                 .L0 
80200aba 80200aba        0     1                 .L0 
80200aba 80200aba        0     1                 .L0 
80200abc 80200abc        0     1                 .L0 
80200abc 80200abc        0     1                 .L0 
80200ac2 80200ac2        0     1                 .L0 
80200ac2 80200ac2        0     1                 .L0 
80200ac4 80200ac4        0     1                 .L0 
80200ac4 80200ac4        0     1                 .L0 
80200aca 80200aca        0     1                 .L0 
80200aca 80200aca        0     1                 .L0 
80200acc 80200acc        0     1                 .L0 
80200acc 80200acc        0     1                 .L0 
80200ad0 80200ad0        0     1                 .L0 
80200ad2 80200ad2        0     1                 .L0 
80200ad4 80200ad4        0     1                 .L0 
80200ad4 80200ad4        0     1                 .L0 
80200ad6 80200ad6        0     1                 .L0 
80200ad6 80200ad6        0     1                 .L0 
80200adc 80200adc        0     1                 .L0 
80200adc 80200adc        0     1                 .L0 
80200ade 80200ade        0     1                 .L0 
80200ade 80200ade        0     1                 .L0 
80200ae2 80200ae2        0     1                 .L0 
80200aea 80200aea        0     1                 .L0 
80200aec 80200aec        0     1                 .L0 
80200aee 80200aee        0     1                 .L0 
80200aee 80200aee        0     1                 .L0 
80200af0 80200af0        0     1                 .L0 
80200af6 80200af6        0     1                 .L0 
80200af8 80200af8        0     1                 .L0 
80200afa 80200afa        0     1                 .L0 
80200afa 80200afa        0     1                 .L0 
80200afc 80200afc        0     1                 .L0 
80200b02 80200b02        0     1                 .L0 
80200b04 80200b04        0     1                 .L0 
80200b06 80200b06        0     1                 .L0 
80200b06 80200b06        0     1                 .L0 
80200b08 80200b08        0     1                 .L0 
80200b0e 80200b0e        0     1                 .L0 
80200b10 80200b10        0     1                 .L0 
80200b12 80200b12        0     1                 .L0 
80200b12 80200b12        0     1                 .L0 
80200b14 80200b14        0     1                 .L0 
80200b1a 80200b1a        0     1                 .L0 
80200b1c 80200b1c        0     1                 .L0 
80200b1e 80200b1e        0     1                 .L0 
80200b1e 80200b1e        0     1                 .L0 
80200b20 80200b20        0     1                 .L0 
80200b26 80200b26        0     1                 .L0 
80200b28 80200b28        0     1                 .L0 
80200b2a 80200b2a        0     1                 .L0 
80200b2a 80200b2a        0     1                 .L0 
80200b2c 80200b2c        0     1                 .L0 
80200b32 80200b32        0     1                 .L0 
80200b32 80200b32        0     1                 .L0 
80200b34 80200b34        0     1                 .L0 
80200b34 80200b34        0     1                 .L0 
80200b38 80200b38        0     1                 .L0 
80200b38 80200b38        0     1                 .L0 
80200b3c 80200b3c        0     1                 .L0 
80200b3c 80200b3c        0     1                 .L0 
80200b40 80200b40        0     1                 .L0 
80200b40 80200b40        0     1                 .L0 
80200b4c 80200b4c        0     1                 .L0 
80200b4c 80200b4c        0     1                 .L0 
80200b4e 80200b4e        0     1                 .L0 
80200b50 80200b50        0     1                 .L0 
80200b54 80200b54        0     1                 .L0 
80200b54 80200b54        0     1                 .L0 
80200b58 80200b58        0     1                 .L0 
80200b58 80200b58        0     1                 .L0 
80200b5c 80200b5c        0     1                 .L0 
80200b5c 80200b5c        0     1                 .L0 
80200b64 80200b64        0     1                 .L0 
80200b64 80200b64        0     1                 .L0 
80200b66 80200b66        0     1                 .L0 
80200b66 80200b66        0     1                 .L0 
80200b68 80200b68        0     1                 .L0 
80200b68 80200b68        0     1                 .L0 
80200b6a 80200b6a        0     1                 .L0 
80200b6a 80200b6a        0     1                 .L0 
80200b6e 80200b6e        0     1                 .L0 
80200b6e 80200b6e        0     1                 .L0 
80200b72 80200b72        0     1                 .L0 
80200b88 80200b88        0     1                 .L0 
80200b88 80200b88        0     1                 .L0 
80200b8c 80200b8c        0     1                 .L0 
80200ba2 80200ba2        0     1                 .L0 
80200ba2 80200ba2        0     1                 .L0 
80200bb0 80200bb0        0     1                 .L0 
80200bb6 80200bb6        0     1                 .L0 
80200bb6 80200bb6        0     1                 .L0 
80200bbe 80200bbe        0     1                 .L0 
80200bca 80200bca        0     1                 .L0 
80200bd2 80200bd2        0     1                 .L0 
80200bd2 80200bd2        0     1                 .L0 
80200bd2 80200bd2        0     1                 .L0 
80200bd2 80200bd2        0     1                 .L0 
80200bd2 80200bd2       a0     2         /home/thomas/src/os1k/target/riscv32imac-unknown-none-elf/debug/deps/kernel-c06e9768728fe7d9.cxr7eq1kh8fulebz18j41gv6i.07tcbr0.rcgu.o:(.text.kernel_main)
80200bd2 80200bd2        0     1                 .L0 
80200bd2 80200bd2        0     1                 .L0 
80200bd2 80200bd2        0     1                 $x
80200bd2 80200bd2        0     1                 .L0 
80200bd2 80200bd2       a0     1                 kernel_main
80200bda 80200bda        0     1                 .L0 
80200bda 80200bda        0     1                 .L0 
80200bf6 80200bf6        0     1                 .L0 
80200bf6 80200bf6        0     1                 .L0 
80200bfe 80200bfe        0     1                 .L0 
80200bfe 80200bfe        0     1                 .L0 
80200c06 80200c06        0     1                 .L0 
80200c08 80200c08        0     1                 .L0 
80200c08 80200c08        0     1                 .L0 
80200c0e 80200c0e        0     1                 .L0 
80200c0e 80200c0e        0     1                 .L0 
80200c18 80200c18        0     1                 .L0 
80200c18 80200c18        0     1                 .L0 
80200c26 80200c26        0     1                 .L0 
80200c38 80200c38        0     1                 .L0 
80200c42 80200c42        0     1                 .L0 
80200c42 80200c42        0     1                 .L0 
80200c4a 80200c4a        0     1                 .L0 
80200c58 80200c58        0     1                 .L0 
80200c62 80200c62        0     1                 .L0 
80200c62 80200c62        0     1                 .L0 
80200c6a 80200c6a        0     1                 .L0 
80200c72 80200c72        0     1                 .L0 
80200c72 80200c72       34     2         /home/thomas/src/os1k/target/riscv32imac-unknown-none-elf/debug/deps/libcommon-cf1d83795d308351.rlib(common-cf1d83795d308351.bbs6s8lnhoytg91x7msab1wed.1pzcfy4.rcgu.o):(.text._ZN64_$LT$common..print..DebugConsole$u20$as$u20$core..fmt..Write$GT$9write_str17h09c52425d07c0b8aE)
80200c72 80200c72        0     1                 .L0 
80200c72 80200c72        0     1                 .L0 
80200c72 80200c72        0     1                 $x
80200c72 80200c72        0     1                 .L0 
80200c72 80200c72       34     1                 _$LT$common..print..DebugConsole$u20$as$u20$core..fmt..Write$GT$::write_str::h09c52425d07c0b8a
80200c7a 80200c7a        0     1                 .L0 
80200c7a 80200c7a        0     1                 .L0 
80200c7c 80200c7c        0     1                 .L0 
80200c7c 80200c7c        0     1                 .L0 
80200c7e 80200c7e        0     1                 .L0 
80200c7e 80200c7e        0     1                 .L0 
80200c82 80200c82        0     1                 .L0 
80200c82 80200c82        0     1                 .L0 
80200c86 80200c86        0     1                 .L0 
80200c86 80200c86        0     1                 .L0 
80200c8e 80200c8e        0     1                 .L0 
80200c96 80200c96        0     1                 .L0 
80200c98 80200c98        0     1                 .L0 
80200c98 80200c98        0     1                 .L0 
80200c9c 80200c9c        0     1                 .L0 
80200c9c 80200c9c        0     1                 .L0 
80200ca2 80200ca2        0     1                 .L0 
80200ca6 80200ca6        0     1                 .L0 
80200ca6 80200ca6        0     1                 .L0 
80200ca6 80200ca6        0     1                 .L0 
80200ca6 80200ca6       54     2         /home/thomas/.rustup/toolchains/stable-aarch64-unknown-linux-gnu/lib/rustlib/riscv32imac-unknown-none-elf/lib/libcore-105862d2f8f1624b.rlib(core-105862d2f8f1624b.core.87f146b0ea23b1f4-cgu.0.rcgu.o):(.text.unlikely._ZN4core6option13expect_failed17h38a1f419f0153c44E)
80200ca6 80200ca6        0     1                 .L0 
80200ca6 80200ca6        0     1                 .L0 
80200ca6 80200ca6        0     1                 $x
80200ca6 80200ca6        0     1                 .L0 
80200ca6 80200ca6       54     1                 core::option::expect_failed::h38a1f419f0153c44
80200cba 80200cba        0     1                 .L0 
80200cba 80200cba        0     1                 .L0 
80200cc2 80200cc2        0     1                 .L0 
80200cc2 80200cc2        0     1                 .L0 
80200cd0 80200cd0        0     1                 .L0 
80200cd0 80200cd0        0     1                 .L0 
80200cdc 80200cdc        0     1                 .L0 
80200cdc 80200cdc        0     1                 .L0 
80200cec 80200cec        0     1                 .L0 
80200cec 80200cec        0     1                 .L0 
80200cfa 80200cfa        0     1                 .L0 
80200cfa 80200cfa      104     2         /home/thomas/.rustup/toolchains/stable-aarch64-unknown-linux-gnu/lib/rustlib/riscv32imac-unknown-none-elf/lib/libcore-105862d2f8f1624b.rlib(core-105862d2f8f1624b.core.87f146b0ea23b1f4-cgu.0.rcgu.o):(.text._ZN73_$LT$core..panic..panic_info..PanicInfo$u20$as$u20$core..fmt..Display$GT$3fmt17h7b441ddb1949614dE)
80200cfa 80200cfa        0     1                 .L0 
80200cfa 80200cfa        0     1                 .L0 
80200cfa 80200cfa        0     1                 $x
80200cfa 80200cfa        0     1                 .L0 
80200cfa 80200cfa      104     1                 _$LT$core..panic..panic_info..PanicInfo$u20$as$u20$core..fmt..Display$GT$::fmt::h7b441ddb1949614d
80200d0c 80200d0c        0     1                 .L0 
80200d0c 80200d0c        0     1                 .L0 
80200d0c 80200d0c        0     1                 .L0 
80200d18 80200d18        0     1                 .L0 
80200d28 80200d28        0     1                 .L0 
80200d28 80200d28        0     1                 .L0 
80200d2a 80200d2a        0     1                 .L0 
80200d2a 80200d2a        0     1                 .L0 
80200d32 80200d32        0     1                 .L0 
80200d32 80200d32        0     1                 .L0 
80200d42 80200d42        0     1                 .L0 
80200d42 80200d42        0     1                 .L0 
80200d4a 80200d4a        0     1                 .L0 
80200d4a 80200d4a        0     1                 .L0 
80200d4e 80200d4e        0     1                 .L0 
80200d4e 80200d4e        0     1                 .L0 
80200d54 80200d54        0     1                 .L0 
80200d6e 80200d6e        0     1                 .L0 
80200d6e 80200d6e        0     1                 .L0 
80200d72 80200d72        0     1                 .L0 
80200d72 80200d72        0     1                 .L0 
80200d7e 80200d7e        0     1                 .L0 
80200d7e 80200d7e        0     1                 .L0 
80200d8e 80200d8e        0     1                 .L0 
80200d8e 80200d8e        0     1                 .L0 
80200d9e 80200d9e        0     1                 .L0 
80200d9e 80200d9e        0     1                 .L0 
80200da0 80200da0        0     1                 .L0 
80200da0 80200da0        0     1                 .L0 
80200dae 80200dae        0     1                 .L0 
80200dae 80200dae        0     1                 .L0 
80200db0 80200db0        0     1                 .L0 
80200db0 80200db0        0     1                 .L0 
80200dd8 80200dd8        0     1                 .L0 
80200dd8 80200dd8        0     1                 .L0 
80200dea 80200dea        0     1                 .L0 
80200dec 80200dec        0     1                 .L0 
80200dec 80200dec        0     1                 .L0 
80200dfe 80200dfe        0     1                 .L0 
80200dfe 80200dfe        0     1                 .L0 
80200dfe 80200dfe        0     1                 .L0 
80200dfe 80200dfe       22     2         /home/thomas/.rustup/toolchains/stable-aarch64-unknown-linux-gnu/lib/rustlib/riscv32imac-unknown-none-elf/lib/libcore-105862d2f8f1624b.rlib(core-105862d2f8f1624b.core.87f146b0ea23b1f4-cgu.0.rcgu.o):(.text.unlikely._ZN4core9panicking9panic_fmt17hd04fc79e885e195dE)
80200dfe 80200dfe        0     1                 .L0 
80200dfe 80200dfe        0     1                 .L0 
80200dfe 80200dfe        0     1                 $x
80200dfe 80200dfe        0     1                 .L0 
80200dfe 80200dfe       22     1                 core::panicking::panic_fmt::hd04fc79e885e195d
80200e08 80200e08        0     1                 .L0 
80200e08 80200e08        0     1                 .L0 
80200e14 80200e14        0     1                 .L0 
80200e20 80200e20        0     1                 .L0 
80200e20 80200e20      19e     2         /home/thomas/.rustup/toolchains/stable-aarch64-unknown-linux-gnu/lib/rustlib/riscv32imac-unknown-none-elf/lib/libcore-105862d2f8f1624b.rlib(core-105862d2f8f1624b.core.87f146b0ea23b1f4-cgu.0.rcgu.o):(.text._ZN4core3fmt5write17h3a6116d7b7546823E)
80200e20 80200e20        0     1                 .L0 
80200e20 80200e20        0     1                 .L0 
80200e20 80200e20        0     1                 $x
80200e20 80200e20        0     1                 .L0 
80200e20 80200e20      19e     1                 core::fmt::write::h3a6116d7b7546823
80200e38 80200e38        0     1                 .L0 
80200e3e 80200e3e        0     1                 .L0 
80200e46 80200e46        0     1                 .L0 
80200e46 80200e46        0     1                 .L0 
80200e56 80200e56        0     1                 .L0 
80200e58 80200e58        0     1                 .L0 
80200e5c 80200e5c        0     1                 .L0 
80200e5c 80200e5c        0     1                 .L0 
80200e60 80200e60        0     1                 .L0 
80200e68 80200e68        0     1                 .L0 
80200e86 80200e86        0     1                 .L0 
80200e86 80200e86        0     1                 .L0 
80200e8c 80200e8c        0     1                 .L0 
80200e94 80200e94        0     1                 .L0 
80200e98 80200e98        0     1                 .L0 
80200e9a 80200e9a        0     1                 .L0 
80200ea0 80200ea0        0     1                 .L0 
80200ea0 80200ea0        0     1                 .L0 
80200ea4 80200ea4        0     1                 .L0 
80200eaa 80200eaa        0     1                 .L0 
80200eae 80200eae        0     1                 .L0 
80200eae 80200eae        0     1                 .L0 
80200eb2 80200eb2        0     1                 .L0 
80200eb2 80200eb2        0     1                 .L0 
80200eb6 80200eb6        0     1                 .L0 
80200eb6 80200eb6        0     1                 .L0 
80200eba 80200eba        0     1                 .L0 
80200ec2 80200ec2        0     1                 .L0 
80200ec6 80200ec6        0     1                 .L0 
80200ec6 80200ec6        0     1                 .L0 
80200eca 80200eca        0     1                 .L0 
80200eca 80200eca        0     1                 .L0 
80200ed0 80200ed0        0     1                 .L0 
80200ed0 80200ed0        0     1                 .L0 
80200ed4 80200ed4        0     1                 .L0 
80200ed4 80200ed4        0     1                 .L0 
80200ed8 80200ed8        0     1                 .L0 
80200edc 80200edc        0     1                 .L0 
80200ede 80200ede        0     1                 .L0 
80200ee0 80200ee0        0     1                 .L0 
80200ee2 80200ee2        0     1                 .L0 
80200ee6 80200ee6        0     1                 .L0 
80200eec 80200eec        0     1                 .L0 
80200ef0 80200ef0        0     1                 .L0 
80200ef0 80200ef0        0     1                 .L0 
80200ef4 80200ef4        0     1                 .L0 
80200ef8 80200ef8        0     1                 .L0 
80200ef8 80200ef8        0     1                 .L0 
80200efe 80200efe        0     1                 .L0 
80200efe 80200efe        0     1                 .L0 
80200f00 80200f00        0     1                 .L0 
80200f02 80200f02        0     1                 .L0 
80200f02 80200f02        0     1                 .L0 
80200f0e 80200f0e        0     1                 .L0 
80200f0e 80200f0e        0     1                 .L0 
80200f14 80200f14        0     1                 .L0 
80200f14 80200f14        0     1                 .L0 
80200f16 80200f16        0     1                 .L0 
80200f16 80200f16        0     1                 .L0 
80200f1c 80200f1c        0     1                 .L0 
80200f22 80200f22        0     1                 .L0 
80200f22 80200f22        0     1                 .L0 
80200f26 80200f26        0     1                 .L0 
80200f26 80200f26        0     1                 .L0 
80200f28 80200f28        0     1                 .L0 
80200f34 80200f34        0     1                 .L0 
80200f42 80200f42        0     1                 .L0 
80200f42 80200f42        0     1                 .L0 
80200f48 80200f48        0     1                 .L0 
80200f50 80200f50        0     1                 .L0 
80200f54 80200f54        0     1                 .L0 
80200f56 80200f56        0     1                 .L0 
80200f58 80200f58        0     1                 .L0 
80200f5a 80200f5a        0     1                 .L0 
80200f5a 80200f5a        0     1                 .L0 
80200f5c 80200f5c        0     1                 .L0 
80200f5e 80200f5e        0     1                 .L0 
80200f64 80200f64        0     1                 .L0 
80200f66 80200f66        0     1                 .L0 
80200f66 80200f66        0     1                 .L0 
80200f6a 80200f6a        0     1                 .L0 
80200f6e 80200f6e        0     1                 .L0 
80200f6e 80200f6e        0     1                 .L0 
80200f72 80200f72        0     1                 .L0 
80200f78 80200f78        0     1                 .L0 
80200f7a 80200f7a        0     1                 .L0 
80200f7e 80200f7e        0     1                 .L0 
80200f82 80200f82        0     1                 .L0 
80200f82 80200f82        0     1                 .L0 
80200f88 80200f88        0     1                 .L0 
80200f88 80200f88        0     1                 .L0 
80200f90 80200f90        0     1                 .L0 
80200f90 80200f90        0     1                 .L0 
80200f92 80200f92        0     1                 .L0 
80200f92 80200f92        0     1                 .L0 
80200f9a 80200f9a        0     1                 .L0 
80200f9c 80200f9c        0     1                 .L0 
80200fa0 80200fa0        0     1                 .L0 
80200fa6 80200fa6        0     1                 .L0 
80200fa6 80200fa6        0     1                 .L0 
80200fbe 80200fbe        0     1                 .L0 
80200fbe 80200fbe        0     1                 .L0 
80200fbe 80200fbe        0     1                 .L0 
80200fbe 80200fbe      25e     2         /home/thomas/.rustup/toolchains/stable-aarch64-unknown-linux-gnu/lib/rustlib/riscv32imac-unknown-none-elf/lib/libcore-105862d2f8f1624b.rlib(core-105862d2f8f1624b.core.87f146b0ea23b1f4-cgu.0.rcgu.o):(.text._ZN4core3fmt9Formatter12pad_integral17ha1bde4f9c81986d8E)
80200fbe 80200fbe        0     1                 .L0 
80200fbe 80200fbe        0     1                 .L0 
80200fbe 80200fbe        0     1                 $x
80200fbe 80200fbe        0     1                 .L0 
80200fbe 80200fbe      25e     1                 core::fmt::Formatter::pad_integral::ha1bde4f9c81986d8
80200fdc 80200fdc        0     1                 .L0 
80200fe6 80200fe6        0     1                 .L0 
80200fe8 80200fe8        0     1                 .L0 
80200fe8 80200fe8        0     1                 .L0 
80200ff6 80200ff6        0     1                 .L0 
80200ff8 80200ff8        0     1                 .L0 
80200ffc 80200ffc        0     1                 .L0 
80201002 80201002        0     1                 .L0 
8020100a 8020100a        0     1                 .L0 
8020100c 8020100c        0     1                 .L0 
8020100c 8020100c        0     1                 .L0 
80201010 80201010        0     1                 .L0 
80201012 80201012        0     1                 .L0 
80201012 80201012        0     1                 .L0 
80201016 80201016        0     1                 .L0 
8020101c 8020101c        0     1                 .L0 
80201020 80201020        0     1                 .L0 
80201022 80201022        0     1                 .L0 
80201022 80201022        0     1                 .L0 
8020102a 8020102a        0     1                 .L0 
8020102a 8020102a        0     1                 .L0 
8020102c 8020102c        0     1                 .L0 
80201030 80201030        0     1                 .L0 
80201030 80201030        0     1                 .L0 
80201032 80201032        0     1                 .L0 
80201036 80201036        0     1                 .L0 
8020103a 8020103a        0     1                 .L0 
80201046 80201046        0     1                 .L0 
8020104a 8020104a        0     1                 .L0 
8020104a 8020104a        0     1                 .L0 
80201052 80201052        0     1                 .L0 
80201052 80201052        0     1                 .L0 
80201054 80201054        0     1                 .L0 
80201054 80201054        0     1                 .L0 
8020105c 8020105c        0     1                 .L0 
8020105e 8020105e        0     1                 .L0 
80201060 80201060        0     1                 .L0 
80201060 80201060        0     1                 .L0 
80201064 80201064        0     1                 .L0 
8020106c 8020106c        0     1                 .L0 
80201074 80201074        0     1                 .L0 
80201076 80201076        0     1                 .L0 
8020107a 8020107a        0     1                 .L0 
8020107e 8020107e        0     1                 .L0 
80201098 80201098        0     1                 .L0 
80201098 80201098        0     1                 .L0 
8020109c 8020109c        0     1                 .L0 
8020109c 8020109c        0     1                 .L0 
8020109e 8020109e        0     1                 .L0 
802010a4 802010a4        0     1                 .L0 
802010a4 802010a4        0     1                 .L0 
802010c2 802010c2        0     1                 .L0 
802010c2 802010c2        0     1                 .L0 
802010c2 802010c2        0     1                 .L0 
802010ce 802010ce        0     1                 .L0 
802010ce 802010ce        0     1                 .L0 
802010d0 802010d0        0     1                 .L0 
802010d4 802010d4        0     1                 .L0 
802010da 802010da        0     1                 .L0 
802010e2 802010e2        0     1                 .L0 
802010f2 802010f2        0     1                 .L0 
802010f2 802010f2        0     1                 .L0 
802010fa 802010fa        0     1                 .L0 
802010fa 802010fa        0     1                 .L0 
80201100 80201100        0     1                 .L0 
80201116 80201116        0     1                 .L0 
8020111c 8020111c        0     1                 .L0 
80201128 80201128        0     1                 .L0 
80201128 80201128        0     1                 .L0 
80201130 80201130        0     1                 .L0 
80201130 80201130        0     1                 .L0 
80201134 80201134        0     1                 .L0 
80201134 80201134        0     1                 .L0 
80201136 80201136        0     1                 .L0 
80201136 80201136        0     1                 .L0 
8020113e 8020113e        0     1                 .L0 
8020113e 8020113e        0     1                 .L0 
80201142 80201142        0     1                 .L0 
80201142 80201142        0     1                 .L0 
80201146 80201146        0     1                 .L0 
80201146 80201146        0     1                 .L0 
8020114a 8020114a        0     1                 .L0 
8020114a 8020114a        0     1                 .L0 
80201154 80201154        0     1                 .L0 
80201154 80201154        0     1                 .L0 
80201158 80201158        0     1                 .L0 
80201162 80201162        0     1                 .L0 
80201164 80201164        0     1                 .L0 
80201166 80201166        0     1                 .L0 
80201174 80201174        0     1                 .L0 
80201190 80201190        0     1                 .L0 
80201190 80201190        0     1                 .L0 
80201194 80201194        0     1                 .L0 
80201198 80201198        0     1                 .L0 
80201198 80201198        0     1                 .L0 
8020119c 8020119c        0     1                 .L0 
8020119c 8020119c        0     1                 .L0 
8020119e 8020119e        0     1                 .L0 
8020119e 8020119e        0     1                 .L0 
802011a4 802011a4        0     1                 .L0 
802011a4 802011a4        0     1                 .L0 
802011a6 802011a6        0     1                 .L0 
802011a6 802011a6        0     1                 .L0 
802011a8 802011a8        0     1                 .L0 
802011aa 802011aa        0     1                 .L0 
802011aa 802011aa        0     1                 .L0 
802011c8 802011c8        0     1                 .L0 
802011de 802011de        0     1                 .L0 
802011e2 802011e2        0     1                 .L0 
802011ec 802011ec        0     1                 .L0 
802011ee 802011ee        0     1                 .L0 
80201200 80201200        0     1                 .L0 
80201200 80201200        0     1                 .L0 
80201208 80201208        0     1                 .L0 
8020120c 8020120c        0     1                 .L0 
8020120c 8020120c        0     1                 .L0 
80201210 80201210        0     1                 .L0 
80201210 80201210        0     1                 .L0 
80201212 80201212        0     1                 .L0 
80201212 80201212        0     1                 .L0 
80201218 80201218        0     1                 .L0 
80201218 80201218        0     1                 .L0 
8020121c 8020121c        0     1                 .L0 
8020121c 8020121c        0     1                 .L0 
8020121c 8020121c        0     1                 .L0 
8020121c 8020121c        0     1                 .L0 
8020121c 8020121c       60     2         /home/thomas/.rustup/toolchains/stable-aarch64-unknown-linux-gnu/lib/rustlib/riscv32imac-unknown-none-elf/lib/libcore-105862d2f8f1624b.rlib(core-105862d2f8f1624b.core.87f146b0ea23b1f4-cgu.0.rcgu.o):(.text._ZN4core3fmt9Formatter12pad_integral12write_prefix17h8cd86078f14f6284E)
8020121c 8020121c       60     1                 core::fmt::Formatter::pad_integral::write_prefix::h8cd86078f14f6284
8020121c 8020121c        0     1                 .L0 
8020121c 8020121c        0     1                 .L0 
8020121c 8020121c        0     1                 $x
8020121c 8020121c        0     1                 .L0 
8020122c 8020122c        0     1                 .L0 
80201236 80201236        0     1                 .L0 
8020123a 8020123a        0     1                 .L0 
80201240 80201240        0     1                 .L0 
80201248 80201248        0     1                 .L0 
80201248 80201248        0     1                 .L0 
8020124a 8020124a        0     1                 .L0 
8020124c 8020124c        0     1                 .L0 
8020124e 8020124e        0     1                 .L0 
8020124e 8020124e        0     1                 .L0 
80201252 80201252        0     1                 .L0 
80201256 80201256        0     1                 .L0 
8020125a 8020125a        0     1                 .L0 
8020125a 8020125a        0     1                 .L0 
8020126a 8020126a        0     1                 .L0 
8020126c 8020126c        0     1                 .L0 
8020127c 8020127c        0     1                 .L0 
8020127c 8020127c        0     1                 .L0 
8020127c 8020127c        0     1                 .L0 
8020127c 8020127c      1c4     2         /home/thomas/.rustup/toolchains/stable-aarch64-unknown-linux-gnu/lib/rustlib/riscv32imac-unknown-none-elf/lib/libcore-105862d2f8f1624b.rlib(core-105862d2f8f1624b.core.87f146b0ea23b1f4-cgu.0.rcgu.o):(.text._ZN4core3fmt9Formatter3pad17h3c62fe8cae4da9b0E)
8020127c 8020127c        0     1                 .L0 
8020127c 8020127c        0     1                 .L0 
8020127c 8020127c        0     1                 $x
8020127c 8020127c        0     1                 .L0 
8020127c 8020127c      1c4     1                 core::fmt::Formatter::pad::h3c62fe8cae4da9b0
80201298 80201298        0     1                 .L0 
8020129a 8020129a        0     1                 .L0 
802012a6 802012a6        0     1                 .L0 
802012a6 802012a6        0     1                 .L0 
802012ae 802012ae        0     1                 .L0 
802012ae 802012ae        0     1                 .L0 
802012b0 802012b0        0     1                 .L0 
802012b0 802012b0        0     1                 .L0 
802012b4 802012b4        0     1                 .L0 
802012b6 802012b6        0     1                 .L0 
802012b6 802012b6        0     1                 .L0 
802012ba 802012ba        0     1                 .L0 
802012c0 802012c0        0     1                 .L0 
802012c4 802012c4        0     1                 .L0 
802012c6 802012c6        0     1                 .L0 
802012c6 802012c6        0     1                 .L0 
802012ce 802012ce        0     1                 .L0 
802012ce 802012ce        0     1                 .L0 
802012d0 802012d0        0     1                 .L0 
802012d4 802012d4        0     1                 .L0 
802012d4 802012d4        0     1                 .L0 
802012dc 802012dc        0     1                 .L0 
802012de 802012de        0     1                 .L0 
802012e2 802012e2        0     1                 .L0 
802012e2 802012e2        0     1                 .L0 
802012ea 802012ea        0     1                 .L0 
802012ea 802012ea        0     1                 .L0 
802012ee 802012ee        0     1                 .L0 
802012ee 802012ee        0     1                 .L0 
802012f4 802012f4        0     1                 .L0 
802012f4 802012f4        0     1                 .L0 
802012f6 802012f6        0     1                 .L0 
802012f8 802012f8        0     1                 .L0 
802012f8 802012f8        0     1                 .L0 
802012fc 802012fc        0     1                 .L0 
802012fc 802012fc        0     1                 .L0 
80201300 80201300        0     1                 .L0 
80201314 80201314        0     1                 .L0 
80201318 80201318        0     1                 .L0 
80201318 80201318        0     1                 .L0 
8020131c 8020131c        0     1                 .L0 
8020131c 8020131c        0     1                 .L0 
8020131e 8020131e        0     1                 .L0 
8020131e 8020131e        0     1                 .L0 
80201324 80201324        0     1                 .L0 
80201324 80201324        0     1                 .L0 
80201326 80201326        0     1                 .L0 
80201326 80201326        0     1                 .L0 
8020132a 8020132a        0     1                 .L0 
8020132a 8020132a        0     1                 .L0 
8020132e 8020132e        0     1                 .L0 
80201332 80201332        0     1                 .L0 
80201336 80201336        0     1                 .L0 
8020133a 8020133a        0     1                 .L0 
8020133e 8020133e        0     1                 .L0 
8020133e 8020133e        0     1                 .L0 
80201344 80201344        0     1                 .L0 
80201344 80201344        0     1                 .L0 
80201348 80201348        0     1                 .L0 
8020134a 8020134a        0     1                 .L0 
8020134e 8020134e        0     1                 .L0 
80201350 80201350        0     1                 .L0 
80201350 80201350        0     1                 .L0 
80201352 80201352        0     1                 .L0 
8020135a 8020135a        0     1                 .L0 
80201364 80201364        0     1                 .L0 
80201380 80201380        0     1                 .L0 
80201382 80201382        0     1                 .L0 
80201382 80201382        0     1                 .L0 
80201392 80201392        0     1                 .L0 
80201392 80201392        0     1                 .L0 
8020139c 8020139c        0     1                 .L0 
8020139e 8020139e        0     1                 .L0 
8020139e 8020139e        0     1                 .L0 
802013a2 802013a2        0     1                 .L0 
802013a2 802013a2        0     1                 .L0 
802013aa 802013aa        0     1                 .L0 
802013c0 802013c0        0     1                 .L0 
802013c0 802013c0        0     1                 .L0 
802013c4 802013c4        0     1                 .L0 
802013c8 802013c8        0     1                 .L0 
802013c8 802013c8        0     1                 .L0 
802013cc 802013cc        0     1                 .L0 
802013cc 802013cc        0     1                 .L0 
802013ce 802013ce        0     1                 .L0 
802013ce 802013ce        0     1                 .L0 
802013d4 802013d4        0     1                 .L0 
802013d4 802013d4        0     1                 .L0 
802013d8 802013d8        0     1                 .L0 
802013d8 802013d8        0     1                 .L0 
802013dc 802013dc        0     1                 .L0 
802013e4 802013e4        0     1                 .L0 
802013e6 802013e6        0     1                 .L0 
802013e8 802013e8        0     1                 .L0 
802013ea 802013ea        0     1                 .L0 
802013ea 802013ea        0     1                 .L0 
80201406 80201406        0     1                 .L0 
80201408 80201408        0     1                 .L0 
8020140c 8020140c        0     1                 .L0 
80201416 80201416        0     1                 .L0 
80201424 80201424        0     1                 .L0 
80201424 80201424        0     1                 .L0 
80201430 80201430        0     1                 .L0 
80201430 80201430        0     1                 .L0 
80201434 80201434        0     1                 .L0 
80201434 80201434        0     1                 .L0 
80201436 80201436        0     1                 .L0 
80201436 80201436        0     1                 .L0 
80201440 80201440        0     1                 .L0 
80201440 80201440        0     1                 .L0 
80201440 80201440        0     1                 .L0 
80201440 80201440        0     1                 .L0 
80201440 80201440      186     2         /home/thomas/.rustup/toolchains/stable-aarch64-unknown-linux-gnu/lib/rustlib/riscv32imac-unknown-none-elf/lib/libcore-105862d2f8f1624b.rlib(core-105862d2f8f1624b.core.87f146b0ea23b1f4-cgu.0.rcgu.o):(.text._ZN4core3str5count14do_count_chars17h89b8aa9d1cf13e62E)
80201440 80201440        0     1                 .L0 
80201440 80201440        0     1                 .L0 
80201440 80201440        0     1                 $x
80201440 80201440        0     1                 .L0 
80201440 80201440      186     1                 core::str::count::do_count_chars::h89b8aa9d1cf13e62
80201444 80201444        0     1                 .L0 
80201446 80201446        0     1                 .L0 
80201446 80201446        0     1                 .L0 
8020144a 8020144a        0     1                 .L0 
8020144e 8020144e        0     1                 .L0 
80201452 80201452        0     1                 .L0 
80201452 80201452        0     1                 .L0 
80201454 80201454        0     1                 .L0 
80201454 80201454        0     1                 .L0 
80201456 80201456        0     1                 .L0 
80201458 80201458        0     1                 .L0 
8020145c 8020145c        0     1                 .L0 
8020145e 8020145e        0     1                 .L0 
8020145e 8020145e        0     1                 .L0 
80201466 80201466        0     1                 .L0 
80201466 80201466        0     1                 .L0 
[...]
     4b8      4b8        0     1                 $d
       0        0    38aee     1 .debug_line
       0        0      ce2     1         /home/thomas/src/os1k/target/riscv32imac-unknown-none-elf/debug/deps/kernel-c06e9768728fe7d9.0x5rdvhx4w1yg0p6ps0o3o00r.07tcbr0.rcgu.o:(.debug_line)
       0        0        0     1                 .Lline_table_start0
       0        0        0     1                 $d
     965      965        0     1                 .Lline_table_start1
     b29      b29        0     1                 .Lline_table_start2
     bbc      bbc        0     1                 .Lline_table_start3
     ce2      ce2      29f     1         /home/thomas/src/os1k/target/riscv32imac-unknown-none-elf/debug/deps/kernel-c06e9768728fe7d9.2jzhnzd9ugfxau17gdhf9s0os.07tcbr0.rcgu.o:(.debug_line)
     ce2      ce2        0     1                 .Lline_table_start0
     ce2      ce2        0     1                 $d
     f81      f81      188     1         /home/thomas/src/os1k/target/riscv32imac-unknown-none-elf/debug/deps/kernel-c06e9768728fe7d9.548tbhd4jfr78bja788la4y0e.07tcbr0.rcgu.o:(.debug_line)
     f81      f81        0     1                 .Lline_table_start0
     f81      f81        0     1                 $d
    1076     1076        0     1                 .Lline_table_start1
    1109     1109      3e6     1         /home/thomas/src/os1k/target/riscv32imac-unknown-none-elf/debug/deps/kernel-c06e9768728fe7d9.5uduoz4ae6rgnor7psz5yxxuj.07tcbr0.rcgu.o:(.debug_line)
    1109     1109        0     1                 .Lline_table_start0
    1109     1109        0     1                 $d
    145c     145c        0     1                 .Lline_table_start1
    14ef     14ef       56     1         /home/thomas/src/os1k/target/riscv32imac-unknown-none-elf/debug/deps/kernel-c06e9768728fe7d9.6ac1giq2i8u2vj5q6w8tn7q6d.07tcbr0.rcgu.o:(.debug_line)
    14ef     14ef        0     1                 .Lline_table_start0
    14ef     14ef        0     1                 $d
    1545     1545       c0     1         /home/thomas/src/os1k/target/riscv32imac-unknown-none-elf/debug/deps/kernel-c06e9768728fe7d9.9mpwx4jqtqj9r72u05rdvzjg0.07tcbr0.rcgu.o:(.debug_line)
    1545     1545        0     1                 .Lline_table_start0
    1545     1545        0     1                 $d
    1605     1605      13b     1         /home/thomas/src/os1k/target/riscv32imac-unknown-none-elf/debug/deps/kernel-c06e9768728fe7d9.b5mvlyaryl9seod8lt9wev09o.07tcbr0.rcgu.o:(.debug_line)
    1605     1605        0     1                 .Lline_table_start0
    1605     1605        0     1                 $d
    1740     1740       b0     1         /home/thomas/src/os1k/target/riscv32imac-unknown-none-elf/debug/deps/kernel-c06e9768728fe7d9.blob32qerc0p7838oqlfrx4cn.07tcbr0.rcgu.o:(.debug_line)
    1740     1740        0     1                 .Lline_table_start0
    1740     1740        0     1                 $d
    17f0     17f0     18f8     1         /home/thomas/src/os1k/target/riscv32imac-unknown-none-elf/debug/deps/kernel-c06e9768728fe7d9.cxr7eq1kh8fulebz18j41gv6i.07tcbr0.rcgu.o:(.debug_line)
    17f0     17f0        0     1                 .Lline_table_start0
    17f0     17f0        0     1                 $d
    29c2     29c2        0     1                 .Lline_table_start1
    2b86     2b86        0     1                 .Lline_table_start2
    2f26     2f26        0     1                 .Lline_table_start3
    2fc2     2fc2        0     1                 .Lline_table_start4
    30e8     30e8      178     1         /home/thomas/src/os1k/target/riscv32imac-unknown-none-elf/debug/deps/kernel-c06e9768728fe7d9.d8oagip89k29n5l48y0l09imi.07tcbr0.rcgu.o:(.debug_line)
    30e8     30e8        0     1                 .Lline_table_start0
    30e8     30e8        0     1                 $d
    3260     3260      216     1         /home/thomas/src/os1k/target/riscv32imac-unknown-none-elf/debug/deps/kernel-c06e9768728fe7d9.e58bw1xwjlm6v2lu2z3gyczh0.07tcbr0.rcgu.o:(.debug_line)
    3260     3260        0     1                 .Lline_table_start0
    3260     3260        0     1                 $d
    3476     3476      a8b     1         /home/thomas/src/os1k/target/riscv32imac-unknown-none-elf/debug/deps/kernel-c06e9768728fe7d9.f0draqdypcfudj3qlcamrg6yl.07tcbr0.rcgu.o:(.debug_line)
    3476     3476        0     1                 .Lline_table_start0
    3476     3476        0     1                 $d
    39c6     39c6        0     1                 .Lline_table_start1
    3b8a     3b8a        0     1                 .Lline_table_start2
    3c26     3c26        0     1                 .Lline_table_start3
    3c5d     3c5d        0     1                 .Lline_table_start4
    3d83     3d83        0     1                 .Lline_table_start5
    3f01     3f01      2f6     1         /home/thomas/src/os1k/target/riscv32imac-unknown-none-elf/debug/deps/libcommon-cf1d83795d308351.rlib(common-cf1d83795d308351.bbs6s8lnhoytg91x7msab1wed.1pzcfy4.rcgu.o):(.debug_line)
    3f01     3f01        0     1                 .Lline_table_start0
    3f01     3f01        0     1                 $d
    41f7     41f7     70ab     1         /home/thomas/.rustup/toolchains/stable-aarch64-unknown-linux-gnu/lib/rustlib/riscv32imac-unknown-none-elf/lib/liballoc-8ba2eef5b6f48959.rlib(alloc-8ba2eef5b6f48959.alloc.f86bfefe2807b785-cgu.0.rcgu.o):(.debug_line)
    41f7     41f7        0     1                 .Lline_table_start0
    41f7     41f7        0     1                 $d
    b2a2     b2a2    255bf     1         /home/thomas/.rustup/toolchains/stable-aarch64-unknown-linux-gnu/lib/rustlib/riscv32imac-unknown-none-elf/lib/libcore-105862d2f8f1624b.rlib(core-105862d2f8f1624b.core.87f146b0ea23b1f4-cgu.0.rcgu.o):(.debug_line)
    b2a2     b2a2        0     1                 .Lline_table_start0
    b2a2     b2a2        0     1                 $d
   30861    30861      315     1         /home/thomas/.rustup/toolchains/stable-aarch64-unknown-linux-gnu/lib/rustlib/riscv32imac-unknown-none-elf/lib/libcompiler_builtins-47eef77c012a25df.rlib(compiler_builtins-47eef77c012a25df.compiler_builtins.5aaf534a5da58f71-cgu.150.rcgu.o):(.debug_line)
   30861    30861        0     1                 .Lline_table_start0
   30861    30861        0     1                 $d
   30a6a    30a6a        0     1                 .Lline_table_start1
   30b1b    30b1b        0     1                 .Lline_table_start2
   30b76    30b76      2f0     1         /home/thomas/.rustup/toolchains/stable-aarch64-unknown-linux-gnu/lib/rustlib/riscv32imac-unknown-none-elf/lib/libcompiler_builtins-47eef77c012a25df.rlib(compiler_builtins-47eef77c012a25df.compiler_builtins.5aaf534a5da58f71-cgu.159.rcgu.o):(.debug_line)
   30b76    30b76        0     1                 .Lline_table_start0
   30b76    30b76        0     1                 $d
   30d5a    30d5a        0     1                 .Lline_table_start1
   30e0b    30e0b        0     1                 .Lline_table_start2
   30e66    30e66      269     1         /home/thomas/.rustup/toolchains/stable-aarch64-unknown-linux-gnu/lib/rustlib/riscv32imac-unknown-none-elf/lib/libcompiler_builtins-47eef77c012a25df.rlib(compiler_builtins-47eef77c012a25df.compiler_builtins.5aaf534a5da58f71-cgu.162.rcgu.o):(.debug_line)
   30e66    30e66        0     1                 .Lline_table_start0
   30e66    30e66        0     1                 $d
   30ffa    30ffa        0     1                 .Lline_table_start1
   310cf    310cf      269     1         /home/thomas/.rustup/toolchains/stable-aarch64-unknown-linux-gnu/lib/rustlib/riscv32imac-unknown-none-elf/lib/libcompiler_builtins-47eef77c012a25df.rlib(compiler_builtins-47eef77c012a25df.compiler_builtins.5aaf534a5da58f71-cgu.178.rcgu.o):(.debug_line)
   310cf    310cf        0     1                 .Lline_table_start0
   310cf    310cf        0     1                 $d
   31263    31263        0     1                 .Lline_table_start1
   31338    31338       6f     1         /home/thomas/.rustup/toolchains/stable-aarch64-unknown-linux-gnu/lib/rustlib/riscv32imac-unknown-none-elf/lib/libcompiler_builtins-47eef77c012a25df.rlib(compiler_builtins-47eef77c012a25df.compiler_builtins.5aaf534a5da58f71-cgu.190.rcgu.o):(.debug_line)
   31338    31338        0     1                 .Lline_table_start0
   31338    31338        0     1                 $d
   313a7    313a7      da3     1         /home/thomas/.rustup/toolchains/stable-aarch64-unknown-linux-gnu/lib/rustlib/riscv32imac-unknown-none-elf/lib/libcompiler_builtins-47eef77c012a25df.rlib(compiler_builtins-47eef77c012a25df.compiler_builtins.5aaf534a5da58f71-cgu.009.rcgu.o):(.debug_line)
   313a7    313a7        0     1                 .Lline_table_start0
   313a7    313a7        0     1                 $d
   3214a    3214a      24b     1         /home/thomas/.rustup/toolchains/stable-aarch64-unknown-linux-gnu/lib/rustlib/riscv32imac-unknown-none-elf/lib/libcompiler_builtins-47eef77c012a25df.rlib(compiler_builtins-47eef77c012a25df.compiler_builtins.5aaf534a5da58f71-cgu.191.rcgu.o):(.debug_line)
   3214a    3214a        0     1                 .Lline_table_start0
   3214a    3214a        0     1                 $d
   322c0    322c0        0     1                 .Lline_table_start1
   32395    32395      11e     1         /home/thomas/.rustup/toolchains/stable-aarch64-unknown-linux-gnu/lib/rustlib/riscv32imac-unknown-none-elf/lib/libcompiler_builtins-47eef77c012a25df.rlib(compiler_builtins-47eef77c012a25df.compiler_builtins.5aaf534a5da58f71-cgu.194.rcgu.o):(.debug_line)
   32395    32395        0     1                 .Lline_table_start0
   32395    32395        0     1                 $d
   32458    32458        0     1                 .Lline_table_start1
   324b3    324b3      f92     1         /home/thomas/.rustup/toolchains/stable-aarch64-unknown-linux-gnu/lib/rustlib/riscv32imac-unknown-none-elf/lib/libcompiler_builtins-47eef77c012a25df.rlib(compiler_builtins-47eef77c012a25df.compiler_builtins.5aaf534a5da58f71-cgu.005.rcgu.o):(.debug_line)
   324b3    324b3        0     1                 .Lline_table_start0
   324b3    324b3        0     1                 $d
   33445    33445      30f     1         /home/thomas/.rustup/toolchains/stable-aarch64-unknown-linux-gnu/lib/rustlib/riscv32imac-unknown-none-elf/lib/libcompiler_builtins-47eef77c012a25df.rlib(compiler_builtins-47eef77c012a25df.compiler_builtins.5aaf534a5da58f71-cgu.195.rcgu.o):(.debug_line)
   33445    33445        0     1                 .Lline_table_start0
   33445    33445        0     1                 $d
   3367f    3367f        0     1                 .Lline_table_start1
   33754    33754      11e     1         /home/thomas/.rustup/toolchains/stable-aarch64-unknown-linux-gnu/lib/rustlib/riscv32imac-unknown-none-elf/lib/libcompiler_builtins-47eef77c012a25df.rlib(compiler_builtins-47eef77c012a25df.compiler_builtins.5aaf534a5da58f71-cgu.231.rcgu.o):(.debug_line)
   33754    33754        0     1                 .Lline_table_start0
   33754    33754        0     1                 $d
   33817    33817        0     1                 .Lline_table_start1
   33872    33872      186     1         /home/thomas/.rustup/toolchains/stable-aarch64-unknown-linux-gnu/lib/rustlib/riscv32imac-unknown-none-elf/lib/libcompiler_builtins-47eef77c012a25df.rlib(compiler_builtins-47eef77c012a25df.compiler_builtins.5aaf534a5da58f71-cgu.246.rcgu.o):(.debug_line)
   33872    33872        0     1                 .Lline_table_start0
   33872    33872        0     1                 $d
   3395d    3395d        0     1                 .Lline_table_start1
   339f8    339f8       6f     1         /home/thomas/.rustup/toolchains/stable-aarch64-unknown-linux-gnu/lib/rustlib/riscv32imac-unknown-none-elf/lib/libcompiler_builtins-47eef77c012a25df.rlib(compiler_builtins-47eef77c012a25df.compiler_builtins.5aaf534a5da58f71-cgu.251.rcgu.o):(.debug_line)
   339f8    339f8        0     1                 .Lline_table_start0
   339f8    339f8        0     1                 $d
   33a67    33a67     124c     1         /home/thomas/.rustup/toolchains/stable-aarch64-unknown-linux-gnu/lib/rustlib/riscv32imac-unknown-none-elf/lib/libcompiler_builtins-47eef77c012a25df.rlib(compiler_builtins-47eef77c012a25df.compiler_builtins.5aaf534a5da58f71-cgu.004.rcgu.o):(.debug_line)
   33a67    33a67        0     1                 .Lline_table_start0
   33a67    33a67        0     1                 $d
   34bb1    34bb1        0     1                 .Lline_table_start1
   34c1a    34c1a        0     1                 .Lline_table_start2
   34cb3    34cb3      7c5     1         /home/thomas/.rustup/toolchains/stable-aarch64-unknown-linux-gnu/lib/rustlib/riscv32imac-unknown-none-elf/lib/libcompiler_builtins-47eef77c012a25df.rlib(compiler_builtins-47eef77c012a25df.compiler_builtins.5aaf534a5da58f71-cgu.019.rcgu.o):(.debug_line)
   34cb3    34cb3        0     1                 .Lline_table_start0
   34cb3    34cb3        0     1                 $d
   35478    35478      49a     1         /home/thomas/.rustup/toolchains/stable-aarch64-unknown-linux-gnu/lib/rustlib/riscv32imac-unknown-none-elf/lib/libcompiler_builtins-47eef77c012a25df.rlib(compiler_builtins-47eef77c012a25df.compiler_builtins.5aaf534a5da58f71-cgu.260.rcgu.o):(.debug_line)
   35478    35478        0     1                 .Lline_table_start0
   35478    35478        0     1                 $d
   35735    35735        0     1                 .Lline_table_start1
   35868    35868        0     1                 .Lline_table_start2
   35912    35912       6f     1         /home/thomas/.rustup/toolchains/stable-aarch64-unknown-linux-gnu/lib/rustlib/riscv32imac-unknown-none-elf/lib/libcompiler_builtins-47eef77c012a25df.rlib(compiler_builtins-47eef77c012a25df.compiler_builtins.5aaf534a5da58f71-cgu.269.rcgu.o):(.debug_line)
   35912    35912        0     1                 .Lline_table_start0
   35912    35912        0     1                 $d
   35981    35981     1b92     1         /home/thomas/.rustup/toolchains/stable-aarch64-unknown-linux-gnu/lib/rustlib/riscv32imac-unknown-none-elf/lib/libcompiler_builtins-47eef77c012a25df.rlib(compiler_builtins-47eef77c012a25df.compiler_builtins.5aaf534a5da58f71-cgu.000.rcgu.o):(.debug_line)
   35981    35981        0     1                 .Lline_table_start0
   35981    35981        0     1                 $d
   3741e    3741e        0     1                 .Lline_table_start1
   3747a    3747a        0     1                 .Lline_table_start2
   37513    37513      2f0     1         /home/thomas/.rustup/toolchains/stable-aarch64-unknown-linux-gnu/lib/rustlib/riscv32imac-unknown-none-elf/lib/libcompiler_builtins-47eef77c012a25df.rlib(compiler_builtins-47eef77c012a25df.compiler_builtins.5aaf534a5da58f71-cgu.275.rcgu.o):(.debug_line)
   37513    37513        0     1                 .Lline_table_start0
   37513    37513        0     1                 $d
   3772e    3772e        0     1                 .Lline_table_start1
   37803    37803      336     1         /home/thomas/.rustup/toolchains/stable-aarch64-unknown-linux-gnu/lib/rustlib/riscv32imac-unknown-none-elf/lib/libcompiler_builtins-47eef77c012a25df.rlib(compiler_builtins-47eef77c012a25df.compiler_builtins.5aaf534a5da58f71-cgu.283.rcgu.o):(.debug_line)
   37803    37803        0     1                 .Lline_table_start0
   37803    37803        0     1                 $d
   37a2e    37a2e        0     1                 .Lline_table_start1
   37b39    37b39      125     1         /home/thomas/.rustup/toolchains/stable-aarch64-unknown-linux-gnu/lib/rustlib/riscv32imac-unknown-none-elf/lib/libcompiler_builtins-47eef77c012a25df.rlib(compiler_builtins-47eef77c012a25df.compiler_builtins.5aaf534a5da58f71-cgu.320.rcgu.o):(.debug_line)
   37b39    37b39        0     1                 .Lline_table_start0
   37b39    37b39        0     1                 $d
   37c03    37c03        0     1                 .Lline_table_start1
   37c5e    37c5e       6f     1         /home/thomas/.rustup/toolchains/stable-aarch64-unknown-linux-gnu/lib/rustlib/riscv32imac-unknown-none-elf/lib/libcompiler_builtins-47eef77c012a25df.rlib(compiler_builtins-47eef77c012a25df.compiler_builtins.5aaf534a5da58f71-cgu.322.rcgu.o):(.debug_line)
   37c5e    37c5e        0     1                 .Lline_table_start0
   37c5e    37c5e        0     1                 $d
   37ccd    37ccd      125     1         /home/thomas/.rustup/toolchains/stable-aarch64-unknown-linux-gnu/lib/rustlib/riscv32imac-unknown-none-elf/lib/libcompiler_builtins-47eef77c012a25df.rlib(compiler_builtins-47eef77c012a25df.compiler_builtins.5aaf534a5da58f71-cgu.327.rcgu.o):(.debug_line)
   37ccd    37ccd        0     1                 .Lline_table_start0
   37ccd    37ccd        0     1                 $d
   37d97    37d97        0     1                 .Lline_table_start1
   37df2    37df2      269     1         /home/thomas/.rustup/toolchains/stable-aarch64-unknown-linux-gnu/lib/rustlib/riscv32imac-unknown-none-elf/lib/libcompiler_builtins-47eef77c012a25df.rlib(compiler_builtins-47eef77c012a25df.compiler_builtins.5aaf534a5da58f71-cgu.331.rcgu.o):(.debug_line)
   37df2    37df2        0     1                 .Lline_table_start0
   37df2    37df2        0     1                 $d
   37f86    37f86        0     1                 .Lline_table_start1
   3805b    3805b      50c     1         /home/thomas/.rustup/toolchains/stable-aarch64-unknown-linux-gnu/lib/rustlib/riscv32imac-unknown-none-elf/lib/libcompiler_builtins-47eef77c012a25df.rlib(compiler_builtins-47eef77c012a25df.compiler_builtins.5aaf534a5da58f71-cgu.333.rcgu.o):(.debug_line)
   3805b    3805b        0     1                 .Lline_table_start0
   3805b    3805b        0     1                 $d
   38435    38435        0     1                 .Lline_table_start1
   38567    38567       6f     1         /home/thomas/.rustup/toolchains/stable-aarch64-unknown-linux-gnu/lib/rustlib/riscv32imac-unknown-none-elf/lib/libcompiler_builtins-47eef77c012a25df.rlib(compiler_builtins-47eef77c012a25df.compiler_builtins.5aaf534a5da58f71-cgu.334.rcgu.o):(.debug_line)
   38567    38567        0     1                 .Lline_table_start0
   38567    38567        0     1                 $d
   385d6    385d6       6f     1         /home/thomas/.rustup/toolchains/stable-aarch64-unknown-linux-gnu/lib/rustlib/riscv32imac-unknown-none-elf/lib/libcompiler_builtins-47eef77c012a25df.rlib(compiler_builtins-47eef77c012a25df.compiler_builtins.5aaf534a5da58f71-cgu.345.rcgu.o):(.debug_line)
   385d6    385d6        0     1                 .Lline_table_start0
   385d6    385d6        0     1                 $d
   38645    38645      19a     1         /home/thomas/.rustup/toolchains/stable-aarch64-unknown-linux-gnu/lib/rustlib/riscv32imac-unknown-none-elf/lib/libcompiler_builtins-47eef77c012a25df.rlib(compiler_builtins-47eef77c012a25df.compiler_builtins.5aaf534a5da58f71-cgu.348.rcgu.o):(.debug_line)
   38645    38645        0     1                 .Lline_table_start0
   38645    38645        0     1                 $d
   38744    38744        0     1                 .Lline_table_start1
   387df    387df      30f     1         /home/thomas/.rustup/toolchains/stable-aarch64-unknown-linux-gnu/lib/rustlib/riscv32imac-unknown-none-elf/lib/libcompiler_builtins-47eef77c012a25df.rlib(compiler_builtins-47eef77c012a25df.compiler_builtins.5aaf534a5da58f71-cgu.350.rcgu.o):(.debug_line)
   387df    387df        0     1                 .Lline_table_start0
   387df    387df        0     1                 $d
   38a19    38a19        0     1                 .Lline_table_start1
       0        0    12450     4 .symtab
       0        0    12450     4         <internal>:(.symtab)
       0        0       af     1 .shstrtab
       0        0       af     1         <internal>:(.shstrtab)
       0        0     6f77     1 .strtab
       0        0     6f77     1         <internal>:(.strtab)
