     VMA      LMA     Size Align Out     In      Symbol
       0        0  1000000     1 . = 0x1000000
 1000000  1000000     1ede     4 .text
 1000000  1000000       18     4         /home/thomas/src/os1k/target/riscv32imac-unknown-none-elf/debug/deps/libuser-53d60b54b1be8e33.rlib(user-53d60b54b1be8e33.50ox71ary2wk0lqjjh04wln10.1ttim9z.rcgu.o):(.text.start)
 1000000  1000000        0     1                 .Lpcrel_hi0
 1000000  1000000        0     1                 $x
 1000000  1000000       18     1                 start
 1000018  1000018       46     2         /home/thomas/src/os1k/target/riscv32imac-unknown-none-elf/debug/deps/shell-7d3ed97ad70682b6.4rvkthtycqidzx4w9jo5cf4lw.0pzpaly.rcgu.o:(.text._ZN42_$LT$$RF$T$u20$as$u20$core..fmt..Debug$GT$3fmt17hcca6d152cb4be765E)
 1000018  1000018        0     1                 .L0 
 1000018  1000018        0     1                 .L0 
 1000018  1000018        0     1                 $x
 1000018  1000018        0     1                 .L0 
 1000018  1000018       46     1                 _$LT$$RF$T$u20$as$u20$core..fmt..Debug$GT$::fmt::hcca6d152cb4be765
 100001a  100001a        0     1                 .L0 
 1000024  1000024        0     1                 .L0 
 1000028  1000028        0     1                 .L0 
 1000028  1000028        0     1                 .L0 
 100002a  100002a        0     1                 .L0 
 100002a  100002a        0     1                 .L0 
 1000046  1000046        0     1                 .L0 
 1000046  1000046        0     1                 .L0 
 100004c  100004c        0     1                 .L0 
 100004c  100004c        0     1                 .L0 
 1000056  1000056        0     1                 .L0 
 100005e  100005e        0     1                 .L0 
 100005e  100005e        0     1                 .L0 
 100005e  100005e        0     1                 .L0 
 100005e  100005e        0     1                 .L0 
 100005e  100005e       28     2         /home/thomas/src/os1k/target/riscv32imac-unknown-none-elf/debug/deps/shell-7d3ed97ad70682b6.72u0zdbzn4kttmov3utmaz0ka.0pzpaly.rcgu.o:(.text._ZN4core3fmt3num52_$LT$impl$u20$core..fmt..Debug$u20$for$u20$usize$GT$3fmt17hfe30df86295ed77bE)
 100005e  100005e       28     1                 core::fmt::num::_$LT$impl$u20$core..fmt..Debug$u20$for$u20$usize$GT$::fmt::hfe30df86295ed77b
 100005e  100005e        0     1                 .L0 
 100005e  100005e        0     1                 .L0 
 100005e  100005e        0     1                 $x
 100005e  100005e        0     1                 .L0 
 1000060  1000060        0     1                 .L0 
 1000068  1000068        0     1                 .L0 
 100006e  100006e        0     1                 .L0 
 1000076  1000076        0     1                 .L0 
 100007e  100007e        0     1                 .L0 
 1000086  1000086        0     1                 .L0 
 1000086  1000086        0     1                 .L0 
 1000086  1000086        0     1                 .L0 
 1000086  1000086       54     2         /home/thomas/src/os1k/target/riscv32imac-unknown-none-elf/debug/deps/shell-7d3ed97ad70682b6.72u0zdbzn4kttmov3utmaz0ka.0pzpaly.rcgu.o:(.text._ZN64_$LT$core..str..error..Utf8Error$u20$as$u20$core..fmt..Debug$GT$3fmt17h089a17259138de70E)
 1000086  1000086       54     1                 _$LT$core..str..error..Utf8Error$u20$as$u20$core..fmt..Debug$GT$::fmt::h089a17259138de70
 1000086  1000086        0     1                 .L0 
 1000086  1000086        0     1                 .L0 
 1000086  1000086        0     1                 $x
 1000086  1000086        0     1                 .L0 
 100008e  100008e        0     1                 .L0 
 1000092  1000092        0     1                 .L0 
 10000d4  10000d4        0     1                 .L0 
 10000da  10000da        0     1                 .L0 
 10000da  10000da      3f4     2         /home/thomas/src/os1k/target/riscv32imac-unknown-none-elf/debug/deps/shell-7d3ed97ad70682b6.72u0zdbzn4kttmov3utmaz0ka.0pzpaly.rcgu.o:(.text.main)
 10000da  10000da        0     1                 .L0 
 10000da  10000da        0     1                 .L0 
 10000da  10000da        0     1                 $x
 10000da  10000da        0     1                 .L0 
 10000da  10000da      3f4     1                 main
 1000110  1000110        0     1                 .L0 
 1000150  1000150        0     1                 .L0 
 1000150  1000150        0     1                 .L0 
 1000168  1000168        0     1                 .L0 
 1000168  1000168        0     1                 .L0 
 1000178  1000178        0     1                 .L0 
 1000188  1000188        0     1                 .L0 
 1000188  1000188        0     1                 .L0 
 1000190  1000190        0     1                 .L0 
 1000194  1000194        0     1                 .L0 
 1000194  1000194        0     1                 .L0 
 100019e  100019e        0     1                 .L0 
 100019e  100019e        0     1                 .L0 
 10001a2  10001a2        0     1                 .L0 
 10001a2  10001a2        0     1                 .L0 
 10001a6  10001a6        0     1                 .L0 
 10001ae  10001ae        0     1                 .L0 
 10001b6  10001b6        0     1                 .L0 
 10001b6  10001b6        0     1                 .L0 
 10001c0  10001c0        0     1                 .L0 
 10001c0  10001c0        0     1                 .L0 
 10001c4  10001c4        0     1                 .L0 
 10001ca  10001ca        0     1                 .L0 
 10001ca  10001ca        0     1                 .L0 
 10001e0  10001e0        0     1                 .L0 
 10001e0  10001e0        0     1                 .L0 
 10001f0  10001f0        0     1                 .L0 
 10001f0  10001f0        0     1                 .L0 
 10001f2  10001f2        0     1                 .L0 
 10001f6  10001f6        0     1                 .L0 
 10001fa  10001fa        0     1                 .L0 
 10001fa  10001fa        0     1                 .L0 
 1000202  1000202        0     1                 .L0 
 1000202  1000202        0     1                 .L0 
 1000206  1000206        0     1                 .L0 
 1000206  1000206        0     1                 .L0 
 100020a  100020a        0     1                 .L0 
 1000214  1000214        0     1                 .L0 
 1000218  1000218        0     1                 .L0 
 1000220  1000220        0     1                 .L0 
 1000220  1000220        0     1                 .L0 
 1000224  1000224        0     1                 .L0 
 1000224  1000224        0     1                 .L0 
 1000230  1000230        0     1                 .L0 
 1000230  1000230        0     1                 .L0 
 1000242  1000242        0     1                 .L0 
 1000244  1000244        0     1                 .L0 
 1000260  1000260        0     1                 .L0 
 1000260  1000260        0     1                 .L0 
 1000262  1000262        0     1                 .L0 
 1000262  1000262        0     1                 .L0 
 1000280  1000280        0     1                 .L0 
 1000286  1000286        0     1                 .L0 
 1000286  1000286        0     1                 .L0 
 1000298  1000298        0     1                 .L0 
 100029a  100029a        0     1                 .L0 
 10002a4  10002a4        0     1                 .L0 
 10002a4  10002a4        0     1                 .L0 
 10002ac  10002ac        0     1                 .L0 
 10002ae  10002ae        0     1                 .L0 
 10002be  10002be        0     1                 .L0 
 10002be  10002be        0     1                 .L0 
 10002c8  10002c8        0     1                 .L0 
 10002c8  10002c8        0     1                 .L0 
 10002ca  10002ca        0     1                 .L0 
 10002ca  10002ca        0     1                 .L0 
 10002da  10002da        0     1                 .L0 
 10002da  10002da        0     1                 .L0 
 10002f2  10002f2        0     1                 .L0 
 1000300  1000300        0     1                 .L0 
 1000300  1000300        0     1                 .L0 
 1000302  1000302        0     1                 .L0 
 1000302  1000302        0     1                 .L0 
 1000304  1000304        0     1                 .L0 
 1000306  1000306        0     1                 .L0 
 1000306  1000306        0     1                 .L0 
 1000312  1000312        0     1                 .L0 
 1000312  1000312        0     1                 .L0 
 1000316  1000316        0     1                 .L0 
 1000318  1000318        0     1                 .L0 
 1000318  1000318        0     1                 .L0 
 100032e  100032e        0     1                 .L0 
 100032e  100032e        0     1                 .L0 
 1000330  1000330        0     1                 .L0 
 1000330  1000330        0     1                 .L0 
 1000338  1000338        0     1                 .L0 
 1000338  1000338        0     1                 .L0 
 100033c  100033c        0     1                 .L0 
 100033c  100033c        0     1                 .L0 
 100033e  100033e        0     1                 .L0 
 100033e  100033e        0     1                 .L0 
 1000340  1000340        0     1                 .L0 
 1000340  1000340        0     1                 .L0 
 1000352  1000352        0     1                 .L0 
 1000352  1000352        0     1                 .L0 
 1000356  1000356        0     1                 .L0 
 1000356  1000356        0     1                 .L0 
 1000364  1000364        0     1                 .L0 
 1000366  1000366        0     1                 .L0 
 1000366  1000366        0     1                 .L0 
 1000368  1000368        0     1                 .L0 
 1000368  1000368        0     1                 .L0 
 100036c  100036c        0     1                 .L0 
 100036c  100036c        0     1                 .L0 
 100036e  100036e        0     1                 .L0 
 100037a  100037a        0     1                 .L0 
 100037e  100037e        0     1                 .L0 
 100037e  100037e        0     1                 .L0 
 1000388  1000388        0     1                 .L0 
 1000388  1000388        0     1                 .L0 
 100038c  100038c        0     1                 .L0 
 100038c  100038c        0     1                 .L0 
 1000390  1000390        0     1                 .L0 
 1000394  1000394        0     1                 .L0 
 1000394  1000394        0     1                 .L0 
 1000398  1000398        0     1                 .L0 
 10003a0  10003a0        0     1                 .L0 
 10003a0  10003a0        0     1                 .L0 
 10003a4  10003a4        0     1                 .L0 
 10003a4  10003a4        0     1                 .L0 
 10003a6  10003a6        0     1                 .L0 
 10003a6  10003a6        0     1                 .L0 
 10003a8  10003a8        0     1                 .L0 
 10003a8  10003a8        0     1                 .L0 
 10003ac  10003ac        0     1                 .L0 
 10003ae  10003ae        0     1                 .L0 
 10003ae  10003ae        0     1                 .L0 
 10003b0  10003b0        0     1                 .L0 
 10003b4  10003b4        0     1                 .L0 
 10003b6  10003b6        0     1                 .L0 
 10003b6  10003b6        0     1                 .L0 
 10003b8  10003b8        0     1                 .L0 
 10003b8  10003b8        0     1                 .L0 
 10003bc  10003bc        0     1                 .L0 
 10003be  10003be        0     1                 .L0 
 10003be  10003be        0     1                 .L0 
 10003c8  10003c8        0     1                 .L0 
 10003c8  10003c8        0     1                 .L0 
 10003cc  10003cc        0     1                 .L0 
 10003ce  10003ce        0     1                 .L0 
 10003d2  10003d2        0     1                 .L0 
 10003d2  10003d2        0     1                 .L0 
 10003d4  10003d4        0     1                 .L0 
 10003d4  10003d4        0     1                 .L0 
 10003d8  10003d8        0     1                 .L0 
 10003da  10003da        0     1                 .L0 
 10003da  10003da        0     1                 .L0 
 10003dc  10003dc        0     1                 .L0 
 10003dc  10003dc        0     1                 .L0 
 10003e0  10003e0        0     1                 .L0 
 10003e2  10003e2        0     1                 .L0 
 10003e2  10003e2        0     1                 .L0 
 10003ee  10003ee        0     1                 .L0 
 10003f2  10003f2        0     1                 .L0 
 10003f2  10003f2        0     1                 .L0 
 10003f6  10003f6        0     1                 .L0 
 1000402  1000402        0     1                 .L0 
 1000402  1000402        0     1                 .L0 
 1000404  1000404        0     1                 .L0 
 100040a  100040a        0     1                 .L0 
 100040a  100040a        0     1                 .L0 
 1000416  1000416        0     1                 .L0 
 1000416  1000416        0     1                 .L0 
 100041e  100041e        0     1                 .L0 
 100041e  100041e        0     1                 .L0 
 1000422  1000422        0     1                 .L0 
 1000422  1000422        0     1                 .L0 
 1000430  1000430        0     1                 .L0 
 1000432  1000432        0     1                 .L0 
 1000432  1000432        0     1                 .L0 
 1000434  1000434        0     1                 .L0 
 1000438  1000438        0     1                 .L0 
 100043a  100043a        0     1                 .L0 
 1000442  1000442        0     1                 .L0 
 1000444  1000444        0     1                 .L0 
 1000444  1000444        0     1                 .L0 
 100044c  100044c        0     1                 .L0 
 1000456  1000456        0     1                 .L0 
 1000456  1000456        0     1                 .L0 
 100045e  100045e        0     1                 .L0 
 1000462  1000462        0     1                 .L0 
 100047e  100047e        0     1                 .L0 
 100047e  100047e        0     1                 .L0 
 100048a  100048a        0     1                 .L0 
 100048a  100048a        0     1                 .L0 
 10004ae  10004ae        0     1                 .L0 
 10004ae  10004ae        0     1                 .L0 
 10004c6  10004c6        0     1                 .L0 
 10004c6  10004c6        0     1                 .L0 
 10004ce  10004ce        0     1                 .L0 
 10004ce  10004ce        0     1                 .L0 
 10004ce  10004ce        0     1                 .L0 
 10004ce  10004ce        0     1                 .L0 
 10004ce  10004ce      25a     2         /home/thomas/src/os1k/target/riscv32imac-unknown-none-elf/debug/deps/shell-7d3ed97ad70682b6.92yy4o4vt4ygxqol69p0n1hv7.0pzpaly.rcgu.o:(.text._ZN4core3str21_$LT$impl$u20$str$GT$12trim_matches17h8206b8fe8ece05e8E)
 10004ce  10004ce        0     1                 .L0 
 10004ce  10004ce        0     1                 .L0 
 10004ce  10004ce        0     1                 $x
 10004ce  10004ce        0     1                 .L0 
 10004ce  10004ce      25a     1                 core::str::_$LT$impl$u20$str$GT$::trim_matches::h8206b8fe8ece05e8
 10004dc  10004dc        0     1                 .L0 
 10004dc  10004dc        0     1                 .L0 
 10004dc  10004dc        0     1                 .L0 
 10004e0  10004e0        0     1                 .L0 
 10004e0  10004e0        0     1                 .L0 
 10004e4  10004e4        0     1                 .L0 
 10004e4  10004e4        0     1                 .L0 
 10004e6  10004e6        0     1                 .L0 
 1000514  1000514        0     1                 .L0 
 1000514  1000514        0     1                 .L0 
 1000518  1000518        0     1                 .L0 
 100051e  100051e        0     1                 .L0 
 1000520  1000520        0     1                 .L0 
 1000520  1000520        0     1                 .L0 
 1000522  1000522        0     1                 .L0 
 1000522  1000522        0     1                 .L0 
 1000526  1000526        0     1                 .L0 
 1000526  1000526        0     1                 .L0 
 1000528  1000528        0     1                 .L0 
 1000532  1000532        0     1                 .L0 
 1000532  1000532        0     1                 .L0 
 1000536  1000536        0     1                 .L0 
 1000536  1000536        0     1                 .L0 
 100053a  100053a        0     1                 .L0 
 100053a  100053a        0     1                 .L0 
 100053e  100053e        0     1                 .L0 
 100053e  100053e        0     1                 .L0 
 1000542  1000542        0     1                 .L0 
 1000542  1000542        0     1                 .L0 
 1000546  1000546        0     1                 .L0 
 1000546  1000546        0     1                 .L0 
 100054c  100054c        0     1                 .L0 
 100054c  100054c        0     1                 .L0 
 1000550  1000550        0     1                 .L0 
 1000550  1000550        0     1                 .L0 
 1000554  1000554        0     1                 .L0 
 1000554  1000554        0     1                 .L0 
 1000558  1000558        0     1                 .L0 
 100055c  100055c        0     1                 .L0 
 1000560  1000560        0     1                 .L0 
 1000560  1000560        0     1                 .L0 
 1000562  1000562        0     1                 .L0 
 1000562  1000562        0     1                 .L0 
 1000566  1000566        0     1                 .L0 
 1000568  1000568        0     1                 .L0 
 1000568  1000568        0     1                 .L0 
 100056c  100056c        0     1                 .L0 
 100056c  100056c        0     1                 .L0 
 1000574  1000574        0     1                 .L0 
 1000578  1000578        0     1                 .L0 
 1000578  1000578        0     1                 .L0 
 100057a  100057a        0     1                 .L0 
 100057a  100057a        0     1                 .L0 
 100057e  100057e        0     1                 .L0 
 1000580  1000580        0     1                 .L0 
 1000584  1000584        0     1                 .L0 
 1000584  1000584        0     1                 .L0 
 1000588  1000588        0     1                 .L0 
 1000588  1000588        0     1                 .L0 
 100058c  100058c        0     1                 .L0 
 100058c  100058c        0     1                 .L0 
 1000590  1000590        0     1                 .L0 
 1000590  1000590        0     1                 .L0 
 1000596  1000596        0     1                 .L0 
 1000596  1000596        0     1                 .L0 
 10005a0  10005a0        0     1                 .L0 
 10005a0  10005a0        0     1                 .L0 
 10005a4  10005a4        0     1                 .L0 
 10005a4  10005a4        0     1                 .L0 
 10005a8  10005a8        0     1                 .L0 
 10005a8  10005a8        0     1                 .L0 
 10005ac  10005ac        0     1                 .L0 
 10005ac  10005ac        0     1                 .L0 
 10005b2  10005b2        0     1                 .L0 
 10005b2  10005b2        0     1                 .L0 
 10005b6  10005b6        0     1                 .L0 
 10005bc  10005bc        0     1                 .L0 
 10005bc  10005bc        0     1                 .L0 
 10005c0  10005c0        0     1                 .L0 
 10005c0  10005c0        0     1                 .L0 
 10005c4  10005c4        0     1                 .L0 
 10005c4  10005c4        0     1                 .L0 
 10005c8  10005c8        0     1                 .L0 
 10005c8  10005c8        0     1                 .L0 
 10005cc  10005cc        0     1                 .L0 
 10005d0  10005d0        0     1                 .L0 
 10005d4  10005d4        0     1                 .L0 
 10005d4  10005d4        0     1                 .L0 
 10005d8  10005d8        0     1                 .L0 
 10005e2  10005e2        0     1                 .L0 
 10005e8  10005e8        0     1                 .L0 
 10005f0  10005f0        0     1                 .L0 
 10005f0  10005f0        0     1                 .L0 
 10005f6  10005f6        0     1                 .L0 
 10005f6  10005f6        0     1                 .L0 
 10005fa  10005fa        0     1                 .L0 
 1000600  1000600        0     1                 .L0 
 1000602  1000602        0     1                 .L0 
 1000602  1000602        0     1                 .L0 
 1000606  1000606        0     1                 .L0 
 1000606  1000606        0     1                 .L0 
 1000608  1000608        0     1                 .L0 
 100060a  100060a        0     1                 .L0 
 100060a  100060a        0     1                 .L0 
 100060c  100060c        0     1                 .L0 
 100060c  100060c        0     1                 .L0 
 1000610  1000610        0     1                 .L0 
 100063c  100063c        0     1                 .L0 
 100063c  100063c        0     1                 .L0 
 1000640  1000640        0     1                 .L0 
 1000646  1000646        0     1                 .L0 
 1000648  1000648        0     1                 .L0 
 1000648  1000648        0     1                 .L0 
 100064a  100064a        0     1                 .L0 
 100064a  100064a        0     1                 .L0 
 100064e  100064e        0     1                 .L0 
 100064e  100064e        0     1                 .L0 
 1000650  1000650        0     1                 .L0 
 100065c  100065c        0     1                 .L0 
 1000660  1000660        0     1                 .L0 
 1000660  1000660        0     1                 .L0 
 100066a  100066a        0     1                 .L0 
 100066a  100066a        0     1                 .L0 
 100066e  100066e        0     1                 .L0 
 100066e  100066e        0     1                 .L0 
 1000672  1000672        0     1                 .L0 
 1000676  1000676        0     1                 .L0 
 1000676  1000676        0     1                 .L0 
 100067a  100067a        0     1                 .L0 
 1000682  1000682        0     1                 .L0 
 1000682  1000682        0     1                 .L0 
 1000686  1000686        0     1                 .L0 
 1000686  1000686        0     1                 .L0 
 100068a  100068a        0     1                 .L0 
 100068a  100068a        0     1                 .L0 
 100068e  100068e        0     1                 .L0 
 1000692  1000692        0     1                 .L0 
 1000692  1000692        0     1                 .L0 
 1000696  1000696        0     1                 .L0 
 1000696  1000696        0     1                 .L0 
 1000698  1000698        0     1                 .L0 
 100069c  100069c        0     1                 .L0 
 100069e  100069e        0     1                 .L0 
 100069e  100069e        0     1                 .L0 
 10006a0  10006a0        0     1                 .L0 
 10006a0  10006a0        0     1                 .L0 
 10006a4  10006a4        0     1                 .L0 
 10006a6  10006a6        0     1                 .L0 
 10006a6  10006a6        0     1                 .L0 
 10006aa  10006aa        0     1                 .L0 
 10006b0  10006b0        0     1                 .L0 
 10006b0  10006b0        0     1                 .L0 
 10006b4  10006b4        0     1                 .L0 
 10006b8  10006b8        0     1                 .L0 
 10006bc  10006bc        0     1                 .L0 
 10006bc  10006bc        0     1                 .L0 
 10006be  10006be        0     1                 .L0 
 10006be  10006be        0     1                 .L0 
 10006c2  10006c2        0     1                 .L0 
 10006c6  10006c6        0     1                 .L0 
 10006c6  10006c6        0     1                 .L0 
 10006c8  10006c8        0     1                 .L0 
 10006c8  10006c8        0     1                 .L0 
 10006cc  10006cc        0     1                 .L0 
 10006ce  10006ce        0     1                 .L0 
 10006ce  10006ce        0     1                 .L0 
 10006da  10006da        0     1                 .L0 
 10006de  10006de        0     1                 .L0 
 10006de  10006de        0     1                 .L0 
 10006e2  10006e2        0     1                 .L0 
 10006ec  10006ec        0     1                 .L0 
 10006ec  10006ec        0     1                 .L0 
 10006f2  10006f2        0     1                 .L0 
 10006f2  10006f2        0     1                 .L0 
 10006fa  10006fa        0     1                 .L0 
 10006fa  10006fa        0     1                 .L0 
 1000700  1000700        0     1                 .L0 
 1000700  1000700        0     1                 .L0 
 1000704  1000704        0     1                 .L0 
 100070a  100070a        0     1                 .L0 
 100070c  100070c        0     1                 .L0 
 100070c  100070c        0     1                 .L0 
 100070e  100070e        0     1                 .L0 
 100070e  100070e        0     1                 .L0 
 1000710  1000710        0     1                 .L0 
 1000712  1000712        0     1                 .L0 
 1000712  1000712        0     1                 .L0 
 1000716  1000716        0     1                 .L0 
 1000716  1000716        0     1                 .L0 
 1000718  1000718        0     1                 .L0 
 1000718  1000718        0     1                 .L0 
 1000722  1000722        0     1                 .L0 
 1000724  1000724        0     1                 .L0 
 1000728  1000728        0     1                 .L0 
 1000728  1000728        0     1                 .L0 
 1000728  1000728        0     1                 .L0 
 1000728  1000728       d8     2         /home/thomas/src/os1k/target/riscv32imac-unknown-none-elf/debug/deps/shell-7d3ed97ad70682b6.dfxjlscrbx9a479kpv5cvw77c.0pzpaly.rcgu.o:(.text._ZN4core3fmt5Write10write_char17hf0d114ee04469782E.llvm.485803936619810948)
 1000728  1000728        0     1                 .L0 
 1000728  1000728        0     1                 .L0 
 1000728  1000728        0     1                 $x
 1000728  1000728        0     1                 .L0 
 1000728  1000728       d8     1                 core::fmt::Write::write_char::hf0d114ee04469782 (.llvm.485803936619810948)
 100072c  100072c        0     1                 .L0 
 1000730  1000730        0     1                 .L0 
 1000732  1000732        0     1                 .L0 
 1000732  1000732        0     1                 .L0 
 1000736  1000736        0     1                 .L0 
 1000736  1000736        0     1                 .L0 
 100073c  100073c        0     1                 .L0 
 100073c  100073c        0     1                 .L0 
 100073e  100073e        0     1                 .L0 
 1000746  1000746        0     1                 .L0 
 1000746  1000746        0     1                 .L0 
 1000748  1000748        0     1                 .L0 
 100074c  100074c        0     1                 .L0 
 100074c  100074c        0     1                 .L0 
 100074c  100074c        0     1                 .L0 
 1000752  1000752        0     1                 .L0 
 1000752  1000752        0     1                 .L0 
 1000756  1000756        0     1                 .L0 
 100075a  100075a        0     1                 .L0 
 100075a  100075a        0     1                 .L0 
 100075e  100075e        0     1                 .L0 
 1000762  1000762        0     1                 .L0 
 1000766  1000766        0     1                 .L0 
 100076c  100076c        0     1                 .L0 
 100076c  100076c        0     1                 .L0 
 1000776  1000776        0     1                 .L0 
 1000776  1000776        0     1                 .L0 
 1000778  1000778        0     1                 .L0 
 100077c  100077c        0     1                 .L0 
 100077c  100077c        0     1                 .L0 
 100077c  100077c        0     1                 .L0 
 1000780  1000780        0     1                 .L0 
 1000780  1000780        0     1                 .L0 
 1000782  1000782        0     1                 .L0 
 1000782  1000782        0     1                 .L0 
 1000786  1000786        0     1                 .L0 
 100078a  100078a        0     1                 .L0 
 100078e  100078e        0     1                 .L0 
 100078e  100078e        0     1                 .L0 
 1000792  1000792        0     1                 .L0 
 1000794  1000794        0     1                 .L0 
 1000798  1000798        0     1                 .L0 
 100079c  100079c        0     1                 .L0 
 10007a0  10007a0        0     1                 .L0 
 10007a4  10007a4        0     1                 .L0 
 10007aa  10007aa        0     1                 .L0 
 10007aa  10007aa        0     1                 .L0 
 10007b4  10007b4        0     1                 .L0 
 10007b4  10007b4        0     1                 .L0 
 10007b6  10007b6        0     1                 .L0 
 10007ba  10007ba        0     1                 .L0 
 10007ba  10007ba        0     1                 .L0 
 10007be  10007be        0     1                 .L0 
 10007c2  10007c2        0     1                 .L0 
 10007c6  10007c6        0     1                 .L0 
 10007ca  10007ca        0     1                 .L0 
 10007ca  10007ca        0     1                 .L0 
 10007ce  10007ce        0     1                 .L0 
 10007d0  10007d0        0     1                 .L0 
 10007d2  10007d2        0     1                 .L0 
 10007d6  10007d6        0     1                 .L0 
 10007da  10007da        0     1                 .L0 
 10007de  10007de        0     1                 .L0 
 10007e2  10007e2        0     1                 .L0 
 10007e6  10007e6        0     1                 .L0 
 10007ea  10007ea        0     1                 .L0 
 10007f0  10007f0        0     1                 .L0 
 10007f0  10007f0        0     1                 .L0 
 10007fa  10007fa        0     1                 .L0 
 10007fa  10007fa        0     1                 .L0 
 1000800  1000800        0     1                 .L0 
 1000800  1000800        0     1                 .L0 
 1000800  1000800        0     1                 .L0 
 1000800  1000800       34     2         /home/thomas/src/os1k/target/riscv32imac-unknown-none-elf/debug/deps/shell-7d3ed97ad70682b6.dfxjlscrbx9a479kpv5cvw77c.0pzpaly.rcgu.o:(.text._ZN4core3fmt5Write9write_fmt17h981a11136789de91E)
 1000800  1000800        0     1                 .L0 
 1000800  1000800        0     1                 .L0 
 1000800  1000800        0     1                 $x
 1000800  1000800        0     1                 .L0 
 1000800  1000800       34     1                 core::fmt::Write::write_fmt::h981a11136789de91
 1000804  1000804        0     1                 .L0 
 1000804  1000804        0     1                 .L0 
 100082e  100082e        0     1                 .L0 
 1000834  1000834        0     1                 .L0 
 1000834  1000834       2a     2         /home/thomas/src/os1k/target/riscv32imac-unknown-none-elf/debug/deps/shell-7d3ed97ad70682b6.dorzut370j2h9tfx57zu80d5c.0pzpaly.rcgu.o:(.text._ZN42_$LT$$RF$T$u20$as$u20$core..fmt..Debug$GT$3fmt17ha9c3ef6b4f7a5061E)
 1000834  1000834        0     1                 .L0 
 1000834  1000834        0     1                 .L0 
 1000834  1000834        0     1                 $x
 1000834  1000834        0     1                 .L0 
 1000834  1000834       2a     1                 _$LT$$RF$T$u20$as$u20$core..fmt..Debug$GT$::fmt::ha9c3ef6b4f7a5061
 1000836  1000836        0     1                 .L0 
 1000836  1000836        0     1                 .L0 
 1000838  1000838        0     1                 .L0 
 1000838  1000838        0     1                 .L0 
 1000840  1000840        0     1                 .L0 
 1000846  1000846        0     1                 .L0 
 100084e  100084e        0     1                 .L0 
 1000856  1000856        0     1                 .L0 
 100085e  100085e        0     1                 .L0 
 100085e  100085e        0     1                 .L0 
 100085e  100085e        0     1                 .L0 
 100085e  100085e        0     1                 .L0 
 100085e  100085e       14     2         /home/thomas/src/os1k/target/riscv32imac-unknown-none-elf/debug/deps/shell-7d3ed97ad70682b6.dorzut370j2h9tfx57zu80d5c.0pzpaly.rcgu.o:(.text._ZN44_$LT$$RF$T$u20$as$u20$core..fmt..Display$GT$3fmt17h104f8a34a39fbfadE)
 100085e  100085e        0     1                 .L0 
 100085e  100085e        0     1                 .L0 
 100085e  100085e        0     1                 $x
 100085e  100085e        0     1                 .L0 
 100085e  100085e       14     1                 _$LT$$RF$T$u20$as$u20$core..fmt..Display$GT$::fmt::h104f8a34a39fbfad
 1000864  1000864        0     1                 .L0 
 1000872  1000872        0     1                 .L0 
 1000872  1000872        2     2         /home/thomas/src/os1k/target/riscv32imac-unknown-none-elf/debug/deps/libuser-53d60b54b1be8e33.rlib(user-53d60b54b1be8e33.50ox71ary2wk0lqjjh04wln10.1ttim9z.rcgu.o):(.text._RNvCsj4CZ6flxxfE_7___rustc17rust_begin_unwind)
 1000872  1000872        0     1                 .L0 
 1000872  1000872        0     1                 .L0 
 1000872  1000872        0     1                 $x
 1000872  1000872        0     1                 .L0 
 1000872  1000872        2     1                 __rustc::rust_begin_unwind
 1000874  1000874        0     1                 .L0 
 1000874  1000874        0     1                 .L0 
 1000874  1000874        0     1                 .L0 
 1000874  1000874       14     2         /home/thomas/src/os1k/target/riscv32imac-unknown-none-elf/debug/deps/libuser-53d60b54b1be8e33.rlib(user-53d60b54b1be8e33.50ox71ary2wk0lqjjh04wln10.1ttim9z.rcgu.o):(.text.put_byte)
 1000874  1000874        0     1                 .L0 
 1000874  1000874        0     1                 .L0 
 1000874  1000874        0     1                 $x
 1000874  1000874        0     1                 .L0 
 1000874  1000874       14     1                 put_byte
 1000882  1000882        0     1                 .L0 
 1000882  1000882        0     1                 .L0 
 1000886  1000886        0     1                 .L0 
 1000888  1000888        0     1                 .L0 
 1000888  1000888       16     2         /home/thomas/src/os1k/target/riscv32imac-unknown-none-elf/debug/deps/libuser-53d60b54b1be8e33.rlib(user-53d60b54b1be8e33.50ox71ary2wk0lqjjh04wln10.1ttim9z.rcgu.o):(.text._ZN4user8get_char17h2da7bce6c85a9a81E)
 1000888  1000888        0     1                 .L0 
 1000888  1000888        0     1                 .L0 
 1000888  1000888        0     1                 $x
 1000888  1000888        0     1                 .L0 
 1000888  1000888       16     1                 user::get_char::h2da7bce6c85a9a81
 1000898  1000898        0     1                 .L0 
 1000898  1000898        0     1                 .L0 
 100089c  100089c        0     1                 .L0 
 100089e  100089e        0     1                 .L0 
 100089e  100089e       38     2         /home/thomas/src/os1k/target/riscv32imac-unknown-none-elf/debug/deps/libuser-53d60b54b1be8e33.rlib(user-53d60b54b1be8e33.50ox71ary2wk0lqjjh04wln10.1ttim9z.rcgu.o):(.text.unlikely.exit)
 100089e  100089e        0     1                 .L0 
 100089e  100089e        0     1                 .L0 
 100089e  100089e        0     1                 $x
 100089e  100089e        0     1                 .L0 
 100089e  100089e       38     1                 exit
 10008a0  10008a0        0     1                 .L0 
 10008a0  10008a0        0     1                 .L0 
 10008ae  10008ae        0     1                 .L0 
 10008ae  10008ae        0     1                 .L0 
 10008b6  10008b6        0     1                 .L0 
 10008ba  10008ba        0     1                 .L0 
 10008c4  10008c4        0     1                 .L0 
 10008d6  10008d6        0     1                 .L0 
 10008d6  10008d6        8     2         /home/thomas/src/os1k/target/riscv32imac-unknown-none-elf/debug/deps/libuser-53d60b54b1be8e33.rlib(user-53d60b54b1be8e33.50ox71ary2wk0lqjjh04wln10.1ttim9z.rcgu.o):(.text._ZN4user8readfile17h5bca4856c46131a3E)
 10008d6  10008d6        0     1                 .L0 
 10008d6  10008d6        0     1                 .L0 
 10008d6  10008d6        0     1                 $x
 10008d6  10008d6        0     1                 .L0 
 10008d6  10008d6        8     1                 user::readfile::h5bca4856c46131a3
 10008dc  10008dc        0     1                 .L0 
 10008de  10008de        0     1                 .L0 
 10008de  10008de        8     2         /home/thomas/src/os1k/target/riscv32imac-unknown-none-elf/debug/deps/libuser-53d60b54b1be8e33.rlib(user-53d60b54b1be8e33.50ox71ary2wk0lqjjh04wln10.1ttim9z.rcgu.o):(.text._ZN4user9writefile17h227c761c182fbe8bE)
 10008de  10008de        0     1                 .L0 
 10008de  10008de        0     1                 .L0 
 10008de  10008de        0     1                 $x
 10008de  10008de        0     1                 .L0 
 10008de  10008de        8     1                 user::writefile::h227c761c182fbe8b
 10008e4  10008e4        0     1                 .L0 
 10008e6  10008e6        0     1                 .L0 
 10008e6  10008e6       34     2         /home/thomas/src/os1k/target/riscv32imac-unknown-none-elf/debug/deps/libcommon-cf1d83795d308351.rlib(common-cf1d83795d308351.bbs6s8lnhoytg91x7msab1wed.0vu5gn9.rcgu.o):(.text._ZN64_$LT$common..print..DebugConsole$u20$as$u20$core..fmt..Write$GT$9write_str17h09c52425d07c0b8aE)
 10008e6  10008e6        0     1                 .L0 
 10008e6  10008e6        0     1                 .L0 
 10008e6  10008e6        0     1                 $x
 10008e6  10008e6        0     1                 .L0 
 10008e6  10008e6       34     1                 _$LT$common..print..DebugConsole$u20$as$u20$core..fmt..Write$GT$::write_str::h09c52425d07c0b8a
 10008ee  10008ee        0     1                 .L0 
 10008ee  10008ee        0     1                 .L0 
 10008f0  10008f0        0     1                 .L0 
 10008f0  10008f0        0     1                 .L0 
 10008f2  10008f2        0     1                 .L0 
 10008f2  10008f2        0     1                 .L0 
 10008f6  10008f6        0     1                 .L0 
 10008f6  10008f6        0     1                 .L0 
 10008fa  10008fa        0     1                 .L0 
 10008fa  10008fa        0     1                 .L0 
 1000902  1000902        0     1                 .L0 
 100090a  100090a        0     1                 .L0 
 100090c  100090c        0     1                 .L0 
 100090c  100090c        0     1                 .L0 
 1000910  1000910        0     1                 .L0 
 1000910  1000910        0     1                 .L0 
 1000916  1000916        0     1                 .L0 
 100091a  100091a        0     1                 .L0 
 100091a  100091a        0     1                 .L0 
 100091a  100091a        0     1                 .L0 
 100091a  100091a       b6     2         /home/thomas/.rustup/toolchains/stable-aarch64-unknown-linux-gnu/lib/rustlib/riscv32imac-unknown-none-elf/lib/libcore-105862d2f8f1624b.rlib(core-105862d2f8f1624b.core.87f146b0ea23b1f4-cgu.0.rcgu.o):(.text._ZN4core3ffi5c_str4CStr20from_bytes_until_nul17h4987079a579239f6E)
 100091a  100091a        0     1                 .L0 
 100091a  100091a        0     1                 .L0 
 100091a  100091a        0     1                 $x
 100091a  100091a        0     1                 .L0 
 100091a  100091a       b6     1                 core::ffi::c_str::CStr::from_bytes_until_nul::h4987079a579239f6
 100091c  100091c        0     1                 .L0 
 100091c  100091c        0     1                 .L0 
 1000920  1000920        0     1                 .L0 
 1000920  1000920        0     1                 .L0 
 1000922  1000922        0     1                 .L0 
 1000924  1000924        0     1                 .L0 
 1000928  1000928        0     1                 .L0 
 1000932  1000932        0     1                 .L0 
 1000934  1000934        0     1                 .L0 
 1000938  1000938        0     1                 .L0 
 1000938  1000938        0     1                 .L0 
 100093a  100093a        0     1                 .L0 
 100093e  100093e        0     1                 .L0 
 1000940  1000940        0     1                 .L0 
 1000940  1000940        0     1                 .L0 
 1000946  1000946        0     1                 .L0 
 100094a  100094a        0     1                 .L0 
 100094c  100094c        0     1                 .L0 
 100094e  100094e        0     1                 .L0 
 100094e  100094e        0     1                 .L0 
 1000958  1000958        0     1                 .L0 
 100095a  100095a        0     1                 .L0 
 100095e  100095e        0     1                 .L0 
 100095e  100095e        0     1                 .L0 
 1000962  1000962        0     1                 .L0 
 1000968  1000968        0     1                 .L0 
 1000970  1000970        0     1                 .L0 
 1000980  1000980        0     1                 .L0 
 1000980  1000980        0     1                 .L0 
 1000984  1000984        0     1                 .L0 
 1000986  1000986        0     1                 .L0 
 100098c  100098c        0     1                 .L0 
 100098c  100098c        0     1                 .L0 
 1000992  1000992        0     1                 .L0 
 1000992  1000992        0     1                 .L0 
 1000998  1000998        0     1                 .L0 
 10009a2  10009a2        0     1                 .L0 
 10009a4  10009a4        0     1                 .L0 
 10009a8  10009a8        0     1                 .L0 
 10009a8  10009a8        0     1                 .L0 
 10009ac  10009ac        0     1                 .L0 
 10009b6  10009b6        0     1                 .L0 
 10009bc  10009bc        0     1                 .L0 
 10009bc  10009bc        0     1                 .L0 
 10009be  10009be        0     1                 .L0 
 10009c2  10009c2        0     1                 .L0 
 10009c4  10009c4        0     1                 .L0 
 10009c8  10009c8        0     1                 .L0 
 10009ca  10009ca        0     1                 .L0 
 10009ce  10009ce        0     1                 .L0 
 10009d0  10009d0        0     1                 .L0 
 10009d0  10009d0        0     1                 .L0 
 10009d0  10009d0        0     1                 .L0 
 10009d0  10009d0       1a     2         /home/thomas/.rustup/toolchains/stable-aarch64-unknown-linux-gnu/lib/rustlib/riscv32imac-unknown-none-elf/lib/libcore-105862d2f8f1624b.rlib(core-105862d2f8f1624b.core.87f146b0ea23b1f4-cgu.0.rcgu.o):(.text._ZN4core3ffi5c_str4CStr6to_str17h39486303288e2e25E)
 10009d0  10009d0        0     1                 .L0 
 10009d0  10009d0        0     1                 .L0 
 10009d0  10009d0        0     1                 $x
 10009d0  10009d0        0     1                 .L0 
 10009d0  10009d0       1a     1                 core::ffi::c_str::CStr::to_str::h39486303288e2e25
 10009d8  10009d8        0     1                 .L0 
 10009d8  10009d8        0     1                 .L0 
 10009da  10009da        0     1                 .L0 
 10009e2  10009e2        0     1                 .L0 
 10009ea  10009ea        0     1                 .L0 
 10009ea  10009ea       22     2         /home/thomas/.rustup/toolchains/stable-aarch64-unknown-linux-gnu/lib/rustlib/riscv32imac-unknown-none-elf/lib/libcore-105862d2f8f1624b.rlib(core-105862d2f8f1624b.core.87f146b0ea23b1f4-cgu.0.rcgu.o):(.text.unlikely._ZN4core9panicking9panic_fmt17hd04fc79e885e195dE)
 10009ea  10009ea        0     1                 .L0 
 10009ea  10009ea        0     1                 .L0 
 10009ea  10009ea        0     1                 $x
 10009ea  10009ea        0     1                 .L0 
 10009ea  10009ea       22     1                 core::panicking::panic_fmt::hd04fc79e885e195d
 10009f4  10009f4        0     1                 .L0 
 10009f4  10009f4        0     1                 .L0 
 1000a00  1000a00        0     1                 .L0 
 1000a0c  1000a0c        0     1                 .L0 
 1000a0c  1000a0c       4c     2         /home/thomas/.rustup/toolchains/stable-aarch64-unknown-linux-gnu/lib/rustlib/riscv32imac-unknown-none-elf/lib/libcore-105862d2f8f1624b.rlib(core-105862d2f8f1624b.core.87f146b0ea23b1f4-cgu.0.rcgu.o):(.text.unlikely._ZN4core9panicking18panic_bounds_check17hc177510e47d6f343E)
 1000a0c  1000a0c        0     1                 .L0 
 1000a0c  1000a0c        0     1                 .L0 
 1000a0c  1000a0c        0     1                 $x
 1000a0c  1000a0c        0     1                 .L0 
 1000a0c  1000a0c       4c     1                 core::panicking::panic_bounds_check::hc177510e47d6f343
 1000a20  1000a20        0     1                 .L0 
 1000a2c  1000a2c        0     1                 .L0 
 1000a2c  1000a2c        0     1                 .L0 
 1000a4a  1000a4a        0     1                 .L0 
 1000a58  1000a58        0     1                 .L0 
 1000a58  1000a58       70     2         /home/thomas/.rustup/toolchains/stable-aarch64-unknown-linux-gnu/lib/rustlib/riscv32imac-unknown-none-elf/lib/libcore-105862d2f8f1624b.rlib(core-105862d2f8f1624b.core.87f146b0ea23b1f4-cgu.0.rcgu.o):(.text.unlikely._ZN4core6result13unwrap_failed17h9b126e13c4be1fb8E)
 1000a58  1000a58        0     1                 .L0 
 1000a58  1000a58        0     1                 .L0 
 1000a58  1000a58        0     1                 $x
 1000a58  1000a58        0     1                 .L0 
 1000a58  1000a58       70     1                 core::result::unwrap_failed::h9b126e13c4be1fb8
 1000a74  1000a74        0     1                 .L0 
 1000a88  1000a88        0     1                 .L0 
 1000a88  1000a88        0     1                 .L0 
 1000a9a  1000a9a        0     1                 .L0 
 1000a9a  1000a9a        0     1                 .L0 
 1000aaa  1000aaa        0     1                 .L0 
 1000aaa  1000aaa        0     1                 .L0 
 1000aba  1000aba        0     1                 .L0 
 1000aba  1000aba        0     1                 .L0 
 1000ac8  1000ac8        0     1                 .L0 
 1000ac8  1000ac8      1e4     2         /home/thomas/.rustup/toolchains/stable-aarch64-unknown-linux-gnu/lib/rustlib/riscv32imac-unknown-none-elf/lib/libcore-105862d2f8f1624b.rlib(core-105862d2f8f1624b.core.87f146b0ea23b1f4-cgu.0.rcgu.o):(.text._ZN68_$LT$core..fmt..builders..PadAdapter$u20$as$u20$core..fmt..Write$GT$9write_str17h7b62f8c2d580fea0E)
 1000ac8  1000ac8        0     1                 .L0 
 1000ac8  1000ac8        0     1                 .L0 
 1000ac8  1000ac8        0     1                 $x
 1000ac8  1000ac8        0     1                 .L0 
 1000ac8  1000ac8      1e4     1                 _$LT$core..fmt..builders..PadAdapter$u20$as$u20$core..fmt..Write$GT$::write_str::h7b62f8c2d580fea0
 1000ae6  1000ae6        0     1                 .L0 
 1000b0a  1000b0a        0     1                 .L0 
 1000b2e  1000b2e        0     1                 .L0 
 1000b32  1000b32        0     1                 .L0 
 1000b32  1000b32        0     1                 .L0 
 1000b34  1000b34        0     1                 .L0 
 1000b34  1000b34        0     1                 .L0 
 1000b3e  1000b3e        0     1                 .L0 
 1000b3e  1000b3e        0     1                 .L0 
 1000b42  1000b42        0     1                 .L0 
 1000b4a  1000b4a        0     1                 .L0 
 1000b58  1000b58        0     1                 .L0 
 1000b5c  1000b5c        0     1                 .L0 
 1000b5c  1000b5c        0     1                 .L0 
 1000b60  1000b60        0     1                 .L0 
 1000b60  1000b60        0     1                 .L0 
 1000b68  1000b68        0     1                 .L0 
 1000b68  1000b68        0     1                 .L0 
 1000b6c  1000b6c        0     1                 .L0 
 1000b72  1000b72        0     1                 .L0 
 1000b76  1000b76        0     1                 .L0 
 1000b7a  1000b7a        0     1                 .L0 
 1000b7a  1000b7a        0     1                 .L0 
 1000b7e  1000b7e        0     1                 .L0 
 1000b7e  1000b7e        0     1                 .L0 
 1000b84  1000b84        0     1                 .L0 
 1000b84  1000b84        0     1                 .L0 
 1000b88  1000b88        0     1                 .L0 
 1000b8e  1000b8e        0     1                 .L0 
 1000b92  1000b92        0     1                 .L0 
 1000b9a  1000b9a        0     1                 .L0 
 1000ba4  1000ba4        0     1                 .L0 
 1000ba4  1000ba4        0     1                 .L0 
 1000baa  1000baa        0     1                 .L0 
 1000bae  1000bae        0     1                 .L0 
 1000bb0  1000bb0        0     1                 .L0 
 1000bb2  1000bb2        0     1                 .L0 
 1000bb2  1000bb2        0     1                 .L0 
 1000bbe  1000bbe        0     1                 .L0 
 1000bc0  1000bc0        0     1                 .L0 
 1000bc4  1000bc4        0     1                 .L0 
 1000bc4  1000bc4        0     1                 .L0 
 1000bc8  1000bc8        0     1                 .L0 
 1000bce  1000bce        0     1                 .L0 
 1000bd2  1000bd2        0     1                 .L0 
 1000bd6  1000bd6        0     1                 .L0 
 1000bda  1000bda        0     1                 .L0 
 1000bdc  1000bdc        0     1                 .L0 
 1000be0  1000be0        0     1                 .L0 
 1000be4  1000be4        0     1                 .L0 
 1000be4  1000be4        0     1                 .L0 
 1000bea  1000bea        0     1                 .L0 
 1000bea  1000bea        0     1                 .L0 
 1000bf0  1000bf0        0     1                 .L0 
 1000bfa  1000bfa        0     1                 .L0 
 1000bfc  1000bfc        0     1                 .L0 
 1000c02  1000c02        0     1                 .L0 
 1000c02  1000c02        0     1                 .L0 
 1000c06  1000c06        0     1                 .L0 
 1000c0a  1000c0a        0     1                 .L0 
 1000c14  1000c14        0     1                 .L0 
 1000c1c  1000c1c        0     1                 .L0 
 1000c26  1000c26        0     1                 .L0 
 1000c26  1000c26        0     1                 .L0 
 1000c2a  1000c2a        0     1                 .L0 
 1000c2e  1000c2e        0     1                 .L0 
 1000c32  1000c32        0     1                 .L0 
 1000c36  1000c36        0     1                 .L0 
 1000c36  1000c36        0     1                 .L0 
 1000c38  1000c38        0     1                 .L0 
 1000c38  1000c38        0     1                 .L0 
 1000c3c  1000c3c        0     1                 .L0 
 1000c40  1000c40        0     1                 .L0 
 1000c40  1000c40        0     1                 .L0 
 1000c4a  1000c4a        0     1                 .L0 
 1000c52  1000c52        0     1                 .L0 
 1000c62  1000c62        0     1                 .L0 
 1000c68  1000c68        0     1                 .L0 
 1000c6c  1000c6c        0     1                 .L0 
 1000c6e  1000c6e        0     1                 .L0 
 1000c7e  1000c7e        0     1                 .L0 
 1000c7e  1000c7e        0     1                 .L0 
 1000c80  1000c80        0     1                 .L0 
 1000c80  1000c80        0     1                 .L0 
 1000c86  1000c86        0     1                 .L0 
 1000c86  1000c86        0     1                 .L0 
 1000c88  1000c88        0     1                 .L0 
 1000c88  1000c88        0     1                 .L0 
 1000c8e  1000c8e        0     1                 .L0 
 1000c8e  1000c8e        0     1                 .L0 
 1000cac  1000cac        0     1                 .L0 
 1000cac  1000cac        0     1                 .L0 
 1000cac  1000cac        0     1                 .L0 
 1000cac  1000cac       6e     2         /home/thomas/.rustup/toolchains/stable-aarch64-unknown-linux-gnu/lib/rustlib/riscv32imac-unknown-none-elf/lib/libcore-105862d2f8f1624b.rlib(core-105862d2f8f1624b.core.87f146b0ea23b1f4-cgu.0.rcgu.o):(.text._ZN68_$LT$core..fmt..builders..PadAdapter$u20$as$u20$core..fmt..Write$GT$10write_char17h4b26c50021a88b7eE)
 1000cac  1000cac        0     1                 .L0 
 1000cac  1000cac        0     1                 .L0 
 1000cac  1000cac        0     1                 $x
 1000cac  1000cac        0     1                 .L0 
 1000cac  1000cac       6e     1                 _$LT$core..fmt..builders..PadAdapter$u20$as$u20$core..fmt..Write$GT$::write_char::h4b26c50021a88b7e
 1000cbc  1000cbc        0     1                 .L0 
 1000cbc  1000cbc        0     1                 .L0 
 1000cc2  1000cc2        0     1                 .L0 
 1000cc6  1000cc6        0     1                 .L0 
 1000cca  1000cca        0     1                 .L0 
 1000ccc  1000ccc        0     1                 .L0 
 1000cd0  1000cd0        0     1                 .L0 
 1000ce4  1000ce4        0     1                 .L0 
 1000ce4  1000ce4        0     1                 .L0 
 1000ce6  1000ce6        0     1                 .L0 
 1000ce6  1000ce6        0     1                 .L0 
 1000ce8  1000ce8        0     1                 .L0 
 1000ce8  1000ce8        0     1                 .L0 
 1000cf8  1000cf8        0     1                 .L0 
 1000d04  1000d04        0     1                 .L0 
 1000d08  1000d08        0     1                 .L0 
 1000d0a  1000d0a        0     1                 .L0 
 1000d1a  1000d1a        0     1                 .L0 
 1000d1a  1000d1a        0     1                 .L0 
 1000d1a  1000d1a        0     1                 .L0 
 1000d1a  1000d1a      180     2         /home/thomas/.rustup/toolchains/stable-aarch64-unknown-linux-gnu/lib/rustlib/riscv32imac-unknown-none-elf/lib/libcore-105862d2f8f1624b.rlib(core-105862d2f8f1624b.core.87f146b0ea23b1f4-cgu.0.rcgu.o):(.text._ZN4core3fmt8builders11DebugStruct5field17h860913466c54f698E)
 1000d1a  1000d1a        0     1                 .L0 
 1000d1a  1000d1a        0     1                 .L0 
 1000d1a  1000d1a        0     1                 $x
 1000d1a  1000d1a        0     1                 .L0 
 1000d1a  1000d1a      180     1                 core::fmt::builders::DebugStruct::field::h860913466c54f698
 1000d32  1000d32        0     1                 .L0 
 1000d34  1000d34        0     1                 .L0 
 1000d34  1000d34        0     1                 .L0 
 1000d3c  1000d3c        0     1                 .L0 
 1000d3c  1000d3c        0     1                 .L0 
 1000d3e  1000d3e        0     1                 .L0 
 1000d3e  1000d3e        0     1                 .L0 
 1000d42  1000d42        0     1                 .L0 
 1000d46  1000d46        0     1                 .L0 
 1000d46  1000d46        0     1                 .L0 
 1000d48  1000d48        0     1                 .L0 
 1000d48  1000d48        0     1                 .L0 
 1000d60  1000d60        0     1                 .L0 
 1000d64  1000d64        0     1                 .L0 
 1000d64  1000d64        0     1                 .L0 
 1000d68  1000d68        0     1                 .L0 
 1000d6c  1000d6c        0     1                 .L0 
 1000d76  1000d76        0     1                 .L0 
 1000d80  1000d80        0     1                 .L0 
 1000d8a  1000d8a        0     1                 .L0 
 1000d8c  1000d8c        0     1                 .L0 
 1000d8c  1000d8c        0     1                 .L0 
 1000d96  1000d96        0     1                 .L0 
 1000dae  1000dae        0     1                 .L0 
 1000dae  1000dae        0     1                 .L0 
 1000db0  1000db0        0     1                 .L0 
 1000db0  1000db0        0     1                 .L0 
 1000db6  1000db6        0     1                 .L0 
 1000db6  1000db6        0     1                 .L0 
 1000dbe  1000dbe        0     1                 .L0 
 1000dca  1000dca        0     1                 .L0 
 1000dca  1000dca        0     1                 .L0 
 1000dd6  1000dd6        0     1                 .L0 
 1000dde  1000dde        0     1                 .L0 
 1000dde  1000dde        0     1                 .L0 
 1000de2  1000de2        0     1                 .L0 
 1000de2  1000de2        0     1                 .L0 
 1000df2  1000df2        0     1                 .L0 
 1000df2  1000df2        0     1                 .L0 
 1000dfe  1000dfe        0     1                 .L0 
 1000dfe  1000dfe        0     1                 .L0 
 1000e00  1000e00        0     1                 .L0 
 1000e00  1000e00        0     1                 .L0 
 1000e16  1000e16        0     1                 .L0 
 1000e16  1000e16        0     1                 .L0 
 1000e18  1000e18        0     1                 .L0 
 1000e18  1000e18        0     1                 .L0 
 1000e1c  1000e1c        0     1                 .L0 
 1000e1c  1000e1c        0     1                 .L0 
 1000e24  1000e24        0     1                 .L0 
 1000e24  1000e24        0     1                 .L0 
 1000e26  1000e26        0     1                 .L0 
 1000e26  1000e26        0     1                 .L0 
 1000e30  1000e30        0     1                 .L0 
 1000e3e  1000e3e        0     1                 .L0 
 1000e3e  1000e3e        0     1                 .L0 
 1000e46  1000e46        0     1                 .L0 
 1000e46  1000e46        0     1                 .L0 
 1000e50  1000e50        0     1                 .L0 
 1000e56  1000e56        0     1                 .L0 
 1000e56  1000e56        0     1                 .L0 
 1000e5a  1000e5a        0     1                 .L0 
 1000e5a  1000e5a        0     1                 .L0 
 1000e5e  1000e5e        0     1                 .L0 
 1000e5e  1000e5e        0     1                 .L0 
 1000e68  1000e68        0     1                 .L0 
 1000e6c  1000e6c        0     1                 .L0 
 1000e6c  1000e6c        0     1                 .L0 
 1000e70  1000e70        0     1                 .L0 
 1000e70  1000e70        0     1                 .L0 
 1000e7a  1000e7a        0     1                 .L0 
 1000e88  1000e88        0     1                 .L0 
 1000e88  1000e88        0     1                 .L0 
 1000e8c  1000e8c        0     1                 .L0 
 1000e8c  1000e8c        0     1                 .L0 
 1000e90  1000e90        0     1                 .L0 
 1000e90  1000e90        0     1                 .L0 
 1000e96  1000e96        0     1                 .L0 
 1000e9a  1000e9a        0     1                 .L0 
 1000e9a  1000e9a        0     1                 .L0 
 1000e9a  1000e9a        0     1                 .L0 
 1000e9a  1000e9a        0     1                 .L0 
 1000e9a  1000e9a       12     2         /home/thomas/.rustup/toolchains/stable-aarch64-unknown-linux-gnu/lib/rustlib/riscv32imac-unknown-none-elf/lib/libcore-105862d2f8f1624b.rlib(core-105862d2f8f1624b.core.87f146b0ea23b1f4-cgu.0.rcgu.o):(.text._ZN4core3fmt5Write9write_fmt17h986f505a044a401bE)
 1000e9a  1000e9a       12     1                 core::fmt::Write::write_fmt::h986f505a044a401b
 1000e9a  1000e9a        0     1                 .L0 
 1000e9a  1000e9a        0     1                 .L0 
 1000e9a  1000e9a        0     1                 $x
 1000e9a  1000e9a        0     1                 .L0 
 1000e9c  1000e9c        0     1                 .L0 
 1000e9c  1000e9c        0     1                 .L0 
 1000eac  1000eac        0     1                 .L0 
 1000eac  1000eac      19e     2         /home/thomas/.rustup/toolchains/stable-aarch64-unknown-linux-gnu/lib/rustlib/riscv32imac-unknown-none-elf/lib/libcore-105862d2f8f1624b.rlib(core-105862d2f8f1624b.core.87f146b0ea23b1f4-cgu.0.rcgu.o):(.text._ZN4core3fmt5write17h3a6116d7b7546823E)
 1000eac  1000eac        0     1                 .L0 
 1000eac  1000eac        0     1                 .L0 
 1000eac  1000eac        0     1                 $x
 1000eac  1000eac        0     1                 .L0 
 1000eac  1000eac      19e     1                 core::fmt::write::h3a6116d7b7546823
 1000ec4  1000ec4        0     1                 .L0 
 1000eca  1000eca        0     1                 .L0 
 1000ed2  1000ed2        0     1                 .L0 
 1000ed2  1000ed2        0     1                 .L0 
 1000ee2  1000ee2        0     1                 .L0 
 1000ee4  1000ee4        0     1                 .L0 
 1000ee8  1000ee8        0     1                 .L0 
 1000ee8  1000ee8        0     1                 .L0 
 1000eec  1000eec        0     1                 .L0 
 1000ef4  1000ef4        0     1                 .L0 
 1000f12  1000f12        0     1                 .L0 
 1000f12  1000f12        0     1                 .L0 
 1000f18  1000f18        0     1                 .L0 
 1000f20  1000f20        0     1                 .L0 
 1000f24  1000f24        0     1                 .L0 
 1000f26  1000f26        0     1                 .L0 
 1000f2c  1000f2c        0     1                 .L0 
 1000f2c  1000f2c        0     1                 .L0 
 1000f30  1000f30        0     1                 .L0 
 1000f36  1000f36        0     1                 .L0 
 1000f3a  1000f3a        0     1                 .L0 
 1000f3a  1000f3a        0     1                 .L0 
 1000f3e  1000f3e        0     1                 .L0 
 1000f3e  1000f3e        0     1                 .L0 
 1000f42  1000f42        0     1                 .L0 
 1000f42  1000f42        0     1                 .L0 
 1000f46  1000f46        0     1                 .L0 
 1000f4e  1000f4e        0     1                 .L0 
 1000f52  1000f52        0     1                 .L0 
 1000f52  1000f52        0     1                 .L0 
 1000f56  1000f56        0     1                 .L0 
 1000f56  1000f56        0     1                 .L0 
 1000f5c  1000f5c        0     1                 .L0 
 1000f5c  1000f5c        0     1                 .L0 
 1000f60  1000f60        0     1                 .L0 
 1000f60  1000f60        0     1                 .L0 
 1000f64  1000f64        0     1                 .L0 
 1000f68  1000f68        0     1                 .L0 
 1000f6a  1000f6a        0     1                 .L0 
 1000f6c  1000f6c        0     1                 .L0 
 1000f6e  1000f6e        0     1                 .L0 
 1000f72  1000f72        0     1                 .L0 
 1000f78  1000f78        0     1                 .L0 
 1000f7c  1000f7c        0     1                 .L0 
 1000f7c  1000f7c        0     1                 .L0 
 1000f80  1000f80        0     1                 .L0 
 1000f84  1000f84        0     1                 .L0 
 1000f84  1000f84        0     1                 .L0 
 1000f8a  1000f8a        0     1                 .L0 
 1000f8a  1000f8a        0     1                 .L0 
 1000f8c  1000f8c        0     1                 .L0 
 1000f8e  1000f8e        0     1                 .L0 
 1000f8e  1000f8e        0     1                 .L0 
 1000f9a  1000f9a        0     1                 .L0 
 1000f9a  1000f9a        0     1                 .L0 
 1000fa0  1000fa0        0     1                 .L0 
 1000fa0  1000fa0        0     1                 .L0 
 1000fa2  1000fa2        0     1                 .L0 
 1000fa2  1000fa2        0     1                 .L0 
 1000fa8  1000fa8        0     1                 .L0 
 1000fae  1000fae        0     1                 .L0 
 1000fae  1000fae        0     1                 .L0 
 1000fb2  1000fb2        0     1                 .L0 
 1000fb2  1000fb2        0     1                 .L0 
 1000fb4  1000fb4        0     1                 .L0 
 1000fc0  1000fc0        0     1                 .L0 
 1000fce  1000fce        0     1                 .L0 
 1000fce  1000fce        0     1                 .L0 
 1000fd4  1000fd4        0     1                 .L0 
 1000fdc  1000fdc        0     1                 .L0 
 1000fe0  1000fe0        0     1                 .L0 
 1000fe2  1000fe2        0     1                 .L0 
 1000fe4  1000fe4        0     1                 .L0 
 1000fe6  1000fe6        0     1                 .L0 
 1000fe6  1000fe6        0     1                 .L0 
 1000fe8  1000fe8        0     1                 .L0 
 1000fea  1000fea        0     1                 .L0 
 1000ff0  1000ff0        0     1                 .L0 
 1000ff2  1000ff2        0     1                 .L0 
 1000ff2  1000ff2        0     1                 .L0 
 1000ff6  1000ff6        0     1                 .L0 
 1000ffa  1000ffa        0     1                 .L0 
 1000ffa  1000ffa        0     1                 .L0 
 1000ffe  1000ffe        0     1                 .L0 
 1001004  1001004        0     1                 .L0 
 1001006  1001006        0     1                 .L0 
 100100a  100100a        0     1                 .L0 
 100100e  100100e        0     1                 .L0 
 100100e  100100e        0     1                 .L0 
 1001014  1001014        0     1                 .L0 
 1001014  1001014        0     1                 .L0 
 100101c  100101c        0     1                 .L0 
 100101c  100101c        0     1                 .L0 
 100101e  100101e        0     1                 .L0 
 100101e  100101e        0     1                 .L0 
 1001026  1001026        0     1                 .L0 
 1001028  1001028        0     1                 .L0 
 100102c  100102c        0     1                 .L0 
 1001032  1001032        0     1                 .L0 
 1001032  1001032        0     1                 .L0 
 100104a  100104a        0     1                 .L0 
 100104a  100104a        0     1                 .L0 
 100104a  100104a        0     1                 .L0 
 100104a  100104a      25e     2         /home/thomas/.rustup/toolchains/stable-aarch64-unknown-linux-gnu/lib/rustlib/riscv32imac-unknown-none-elf/lib/libcore-105862d2f8f1624b.rlib(core-105862d2f8f1624b.core.87f146b0ea23b1f4-cgu.0.rcgu.o):(.text._ZN4core3fmt9Formatter12pad_integral17ha1bde4f9c81986d8E)
 100104a  100104a        0     1                 .L0 
 100104a  100104a        0     1                 .L0 
 100104a  100104a        0     1                 $x
 100104a  100104a        0     1                 .L0 
 100104a  100104a      25e     1                 core::fmt::Formatter::pad_integral::ha1bde4f9c81986d8
 1001068  1001068        0     1                 .L0 
 1001072  1001072        0     1                 .L0 
 1001074  1001074        0     1                 .L0 
 1001074  1001074        0     1                 .L0 
 1001082  1001082        0     1                 .L0 
 1001084  1001084        0     1                 .L0 
 1001088  1001088        0     1                 .L0 
 100108e  100108e        0     1                 .L0 
 1001096  1001096        0     1                 .L0 
 1001098  1001098        0     1                 .L0 
 1001098  1001098        0     1                 .L0 
 100109c  100109c        0     1                 .L0 
 100109e  100109e        0     1                 .L0 
 100109e  100109e        0     1                 .L0 
 10010a2  10010a2        0     1                 .L0 
 10010a8  10010a8        0     1                 .L0 
 10010ac  10010ac        0     1                 .L0 
 10010ae  10010ae        0     1                 .L0 
 10010ae  10010ae        0     1                 .L0 
 10010b6  10010b6        0     1                 .L0 
 10010b6  10010b6        0     1                 .L0 
 10010b8  10010b8        0     1                 .L0 
 10010bc  10010bc        0     1                 .L0 
 10010bc  10010bc        0     1                 .L0 
 10010be  10010be        0     1                 .L0 
 10010c2  10010c2        0     1                 .L0 
 10010c6  10010c6        0     1                 .L0 
 10010d2  10010d2        0     1                 .L0 
 10010d6  10010d6        0     1                 .L0 
 10010d6  10010d6        0     1                 .L0 
 10010de  10010de        0     1                 .L0 
 10010de  10010de        0     1                 .L0 
 10010e0  10010e0        0     1                 .L0 
 10010e0  10010e0        0     1                 .L0 
 10010e8  10010e8        0     1                 .L0 
 10010ea  10010ea        0     1                 .L0 
 10010ec  10010ec        0     1                 .L0 
 10010ec  10010ec        0     1                 .L0 
 10010f0  10010f0        0     1                 .L0 
 10010f8  10010f8        0     1                 .L0 
 1001100  1001100        0     1                 .L0 
 1001102  1001102        0     1                 .L0 
 1001106  1001106        0     1                 .L0 
 100110a  100110a        0     1                 .L0 
 1001124  1001124        0     1                 .L0 
 1001124  1001124        0     1                 .L0 
 1001128  1001128        0     1                 .L0 
 1001128  1001128        0     1                 .L0 
 100112a  100112a        0     1                 .L0 
 1001130  1001130        0     1                 .L0 
 1001130  1001130        0     1                 .L0 
 100114e  100114e        0     1                 .L0 
 100114e  100114e        0     1                 .L0 
 100114e  100114e        0     1                 .L0 
 100115a  100115a        0     1                 .L0 
 100115a  100115a        0     1                 .L0 
 100115c  100115c        0     1                 .L0 
 1001160  1001160        0     1                 .L0 
 1001166  1001166        0     1                 .L0 
 100116e  100116e        0     1                 .L0 
 100117e  100117e        0     1                 .L0 
 100117e  100117e        0     1                 .L0 
 1001186  1001186        0     1                 .L0 
 1001186  1001186        0     1                 .L0 
 100118c  100118c        0     1                 .L0 
 10011a2  10011a2        0     1                 .L0 
 10011a8  10011a8        0     1                 .L0 
 10011b4  10011b4        0     1                 .L0 
 10011b4  10011b4        0     1                 .L0 
 10011bc  10011bc        0     1                 .L0 
 10011bc  10011bc        0     1                 .L0 
 10011c0  10011c0        0     1                 .L0 
 10011c0  10011c0        0     1                 .L0 
 10011c2  10011c2        0     1                 .L0 
 10011c2  10011c2        0     1                 .L0 
 10011ca  10011ca        0     1                 .L0 
 10011ca  10011ca        0     1                 .L0 
 10011ce  10011ce        0     1                 .L0 
 10011ce  10011ce        0     1                 .L0 
 10011d2  10011d2        0     1                 .L0 
 10011d2  10011d2        0     1                 .L0 
 10011d6  10011d6        0     1                 .L0 
 10011d6  10011d6        0     1                 .L0 
 10011e0  10011e0        0     1                 .L0 
 10011e0  10011e0        0     1                 .L0 
 10011e4  10011e4        0     1                 .L0 
 10011ee  10011ee        0     1                 .L0 
 10011f0  10011f0        0     1                 .L0 
 10011f2  10011f2        0     1                 .L0 
 1001200  1001200        0     1                 .L0 
 100121c  100121c        0     1                 .L0 
 100121c  100121c        0     1                 .L0 
 1001220  1001220        0     1                 .L0 
 1001224  1001224        0     1                 .L0 
 1001224  1001224        0     1                 .L0 
 1001228  1001228        0     1                 .L0 
 1001228  1001228        0     1                 .L0 
 100122a  100122a        0     1                 .L0 
 100122a  100122a        0     1                 .L0 
 1001230  1001230        0     1                 .L0 
 1001230  1001230        0     1                 .L0 
 1001232  1001232        0     1                 .L0 
 1001232  1001232        0     1                 .L0 
 1001234  1001234        0     1                 .L0 
 1001236  1001236        0     1                 .L0 
 1001236  1001236        0     1                 .L0 
 1001254  1001254        0     1                 .L0 
 100126a  100126a        0     1                 .L0 
 100126e  100126e        0     1                 .L0 
 1001278  1001278        0     1                 .L0 
 100127a  100127a        0     1                 .L0 
 100128c  100128c        0     1                 .L0 
 100128c  100128c        0     1                 .L0 
 1001294  1001294        0     1                 .L0 
 1001298  1001298        0     1                 .L0 
 1001298  1001298        0     1                 .L0 
 100129c  100129c        0     1                 .L0 
 100129c  100129c        0     1                 .L0 
 100129e  100129e        0     1                 .L0 
 100129e  100129e        0     1                 .L0 
 10012a4  10012a4        0     1                 .L0 
 10012a4  10012a4        0     1                 .L0 
 10012a8  10012a8        0     1                 .L0 
 10012a8  10012a8        0     1                 .L0 
 10012a8  10012a8        0     1                 .L0 
 10012a8  10012a8        0     1                 .L0 
 10012a8  10012a8       60     2         /home/thomas/.rustup/toolchains/stable-aarch64-unknown-linux-gnu/lib/rustlib/riscv32imac-unknown-none-elf/lib/libcore-105862d2f8f1624b.rlib(core-105862d2f8f1624b.core.87f146b0ea23b1f4-cgu.0.rcgu.o):(.text._ZN4core3fmt9Formatter12pad_integral12write_prefix17h8cd86078f14f6284E)
 10012a8  10012a8       60     1                 core::fmt::Formatter::pad_integral::write_prefix::h8cd86078f14f6284
 10012a8  10012a8        0     1                 .L0 
 10012a8  10012a8        0     1                 .L0 
 10012a8  10012a8        0     1                 $x
 10012a8  10012a8        0     1                 .L0 
 10012b8  10012b8        0     1                 .L0 
 10012c2  10012c2        0     1                 .L0 
 10012c6  10012c6        0     1                 .L0 
 10012cc  10012cc        0     1                 .L0 
 10012d4  10012d4        0     1                 .L0 
 10012d4  10012d4        0     1                 .L0 
 10012d6  10012d6        0     1                 .L0 
 10012d8  10012d8        0     1                 .L0 
 10012da  10012da        0     1                 .L0 
 10012da  10012da        0     1                 .L0 
 10012de  10012de        0     1                 .L0 
 10012e2  10012e2        0     1                 .L0 
 10012e6  10012e6        0     1                 .L0 
 10012e6  10012e6        0     1                 .L0 
 10012f6  10012f6        0     1                 .L0 
 10012f8  10012f8        0     1                 .L0 
 1001308  1001308        0     1                 .L0 
 1001308  1001308        0     1                 .L0 
 1001308  1001308        0     1                 .L0 
 1001308  1001308      1c4     2         /home/thomas/.rustup/toolchains/stable-aarch64-unknown-linux-gnu/lib/rustlib/riscv32imac-unknown-none-elf/lib/libcore-105862d2f8f1624b.rlib(core-105862d2f8f1624b.core.87f146b0ea23b1f4-cgu.0.rcgu.o):(.text._ZN4core3fmt9Formatter3pad17h3c62fe8cae4da9b0E)
 1001308  1001308        0     1                 .L0 
 1001308  1001308        0     1                 .L0 
 1001308  1001308        0     1                 $x
 1001308  1001308        0     1                 .L0 
 1001308  1001308      1c4     1                 core::fmt::Formatter::pad::h3c62fe8cae4da9b0
 1001324  1001324        0     1                 .L0 
 1001326  1001326        0     1                 .L0 
 1001332  1001332        0     1                 .L0 
 1001332  1001332        0     1                 .L0 
 100133a  100133a        0     1                 .L0 
 100133a  100133a        0     1                 .L0 
 100133c  100133c        0     1                 .L0 
 100133c  100133c        0     1                 .L0 
 1001340  1001340        0     1                 .L0 
 1001342  1001342        0     1                 .L0 
 1001342  1001342        0     1                 .L0 
 1001346  1001346        0     1                 .L0 
 100134c  100134c        0     1                 .L0 
 1001350  1001350        0     1                 .L0 
 1001352  1001352        0     1                 .L0 
 1001352  1001352        0     1                 .L0 
 100135a  100135a        0     1                 .L0 
 100135a  100135a        0     1                 .L0 
 100135c  100135c        0     1                 .L0 
 1001360  1001360        0     1                 .L0 
 1001360  1001360        0     1                 .L0 
 1001368  1001368        0     1                 .L0 
 100136a  100136a        0     1                 .L0 
 100136e  100136e        0     1                 .L0 
 100136e  100136e        0     1                 .L0 
 1001376  1001376        0     1                 .L0 
 1001376  1001376        0     1                 .L0 
 100137a  100137a        0     1                 .L0 
 100137a  100137a        0     1                 .L0 
 1001380  1001380        0     1                 .L0 
 1001380  1001380        0     1                 .L0 
 1001382  1001382        0     1                 .L0 
 1001384  1001384        0     1                 .L0 
 1001384  1001384        0     1                 .L0 
 1001388  1001388        0     1                 .L0 
 1001388  1001388        0     1                 .L0 
 100138c  100138c        0     1                 .L0 
 10013a0  10013a0        0     1                 .L0 
 10013a4  10013a4        0     1                 .L0 
 10013a4  10013a4        0     1                 .L0 
 10013a8  10013a8        0     1                 .L0 
 10013a8  10013a8        0     1                 .L0 
 10013aa  10013aa        0     1                 .L0 
 10013aa  10013aa        0     1                 .L0 
 10013b0  10013b0        0     1                 .L0 
 10013b0  10013b0        0     1                 .L0 
 10013b2  10013b2        0     1                 .L0 
 10013b2  10013b2        0     1                 .L0 
 10013b6  10013b6        0     1                 .L0 
 10013b6  10013b6        0     1                 .L0 
 10013ba  10013ba        0     1                 .L0 
 10013be  10013be        0     1                 .L0 
 10013c2  10013c2        0     1                 .L0 
 10013c6  10013c6        0     1                 .L0 
 10013ca  10013ca        0     1                 .L0 
 10013ca  10013ca        0     1                 .L0 
 10013d0  10013d0        0     1                 .L0 
 10013d0  10013d0        0     1                 .L0 
 10013d4  10013d4        0     1                 .L0 
 10013d6  10013d6        0     1                 .L0 
 10013da  10013da        0     1                 .L0 
 10013dc  10013dc        0     1                 .L0 
 10013dc  10013dc        0     1                 .L0 
 10013de  10013de        0     1                 .L0 
 10013e6  10013e6        0     1                 .L0 
 10013f0  10013f0        0     1                 .L0 
 100140c  100140c        0     1                 .L0 
 100140e  100140e        0     1                 .L0 
 100140e  100140e        0     1                 .L0 
 100141e  100141e        0     1                 .L0 
 100141e  100141e        0     1                 .L0 
 1001428  1001428        0     1                 .L0 
 100142a  100142a        0     1                 .L0 
 100142a  100142a        0     1                 .L0 
 100142e  100142e        0     1                 .L0 
 100142e  100142e        0     1                 .L0 
 1001436  1001436        0     1                 .L0 
 100144c  100144c        0     1                 .L0 
[...]
    9f90     9f90        0     1                 .L0 
    9fa8     9fa8        0     1                 .L0 
    9fe0     9fe0        0     1                 .L0 
    a010     a010        0     1                 .L0 
    a040     a040        0     1                 .L0 
    a068     a068        0     1                 .L0 
    a088     a088        0     1                 .L0 
    a0a0     a0a0        0     1                 .L0 
    a0d8     a0d8        0     1                 .L0 
    a0f8     a0f8        0     1                 .L0 
    a130     a130        0     1                 .L0 
    a160     a160        0     1                 .L0 
    a180     a180        0     1                 .L0 
    a1a8     a1a8        0     1                 .L0 
    a1c0     a1c0        0     1                 .L0 
    a1f8     a1f8        0     1                 .L0 
    a230     a230        0     1                 .L0 
    a268     a268        0     1                 .L0 
    a298     a298        0     1                 .L0 
    a2b8     a2b8        0     1                 .L0 
    a2e0     a2e0        0     1                 .L0 
    a340     a340        0     1                 .L0 
    a3a0     a3a0        0     1                 .L0 
    a3f8     a3f8        0     1                 .L0 
    a410     a410        0     1                 .L0 
    a428     a428        0     1                 .L0 
    a488     a488        0     1                 .L0 
    a4e8     a4e8        0     1                 .L0 
    a540     a540        0     1                 .L0 
    a558     a558        0     1                 .L0 
    a570     a570        0     1                 .L0 
    a588     a588        0     1                 .L0 
    b660     b660       60     1         /home/thomas/.rustup/toolchains/stable-aarch64-unknown-linux-gnu/lib/rustlib/riscv32imac-unknown-none-elf/lib/libcompiler_builtins-47eef77c012a25df.rlib(compiler_builtins-47eef77c012a25df.compiler_builtins.5aaf534a5da58f71-cgu.150.rcgu.o):(.debug_ranges)
    b660     b660        0     1                 .L0 
    b660     b660        0     1                 $d
    b678     b678        0     1                 .L0 
    b698     b698        0     1                 .L0 
    b6c0     b6c0       60     1         /home/thomas/.rustup/toolchains/stable-aarch64-unknown-linux-gnu/lib/rustlib/riscv32imac-unknown-none-elf/lib/libcompiler_builtins-47eef77c012a25df.rlib(compiler_builtins-47eef77c012a25df.compiler_builtins.5aaf534a5da58f71-cgu.159.rcgu.o):(.debug_ranges)
    b6c0     b6c0        0     1                 .L0 
    b6c0     b6c0        0     1                 $d
    b6d8     b6d8        0     1                 .L0 
    b6f0     b6f0        0     1                 .L0 
    b708     b708        0     1                 .L0 
    b720     b720       20     1         /home/thomas/.rustup/toolchains/stable-aarch64-unknown-linux-gnu/lib/rustlib/riscv32imac-unknown-none-elf/lib/libcompiler_builtins-47eef77c012a25df.rlib(compiler_builtins-47eef77c012a25df.compiler_builtins.5aaf534a5da58f71-cgu.162.rcgu.o):(.debug_ranges)
    b720     b720        0     1                 .L0 
    b720     b720        0     1                 $d
    b740     b740       20     1         /home/thomas/.rustup/toolchains/stable-aarch64-unknown-linux-gnu/lib/rustlib/riscv32imac-unknown-none-elf/lib/libcompiler_builtins-47eef77c012a25df.rlib(compiler_builtins-47eef77c012a25df.compiler_builtins.5aaf534a5da58f71-cgu.178.rcgu.o):(.debug_ranges)
    b740     b740        0     1                 .L0 
    b740     b740        0     1                 $d
    b760     b760       18     1         /home/thomas/.rustup/toolchains/stable-aarch64-unknown-linux-gnu/lib/rustlib/riscv32imac-unknown-none-elf/lib/libcompiler_builtins-47eef77c012a25df.rlib(compiler_builtins-47eef77c012a25df.compiler_builtins.5aaf534a5da58f71-cgu.191.rcgu.o):(.debug_ranges)
    b760     b760        0     1                 .L0 
    b760     b760        0     1                 $d
    b778     b778      170     1         /home/thomas/.rustup/toolchains/stable-aarch64-unknown-linux-gnu/lib/rustlib/riscv32imac-unknown-none-elf/lib/libcompiler_builtins-47eef77c012a25df.rlib(compiler_builtins-47eef77c012a25df.compiler_builtins.5aaf534a5da58f71-cgu.005.rcgu.o):(.debug_ranges)
    b778     b778        0     1                 .L0 
    b778     b778        0     1                 $d
    b798     b798        0     1                 .L0 
    b7b8     b7b8        0     1                 .L0 
    b7d0     b7d0        0     1                 .L0 
    b7e8     b7e8        0     1                 .L0 
    b800     b800        0     1                 .L0 
    b818     b818        0     1                 .L0 
    b830     b830        0     1                 .L0 
    b848     b848        0     1                 .L0 
    b860     b860        0     1                 .L0 
    b880     b880        0     1                 .L0 
    b898     b898        0     1                 .L0 
    b8b0     b8b0        0     1                 .L0 
    b8c8     b8c8        0     1                 .L0 
    b8e8     b8e8       78     1         /home/thomas/.rustup/toolchains/stable-aarch64-unknown-linux-gnu/lib/rustlib/riscv32imac-unknown-none-elf/lib/libcompiler_builtins-47eef77c012a25df.rlib(compiler_builtins-47eef77c012a25df.compiler_builtins.5aaf534a5da58f71-cgu.195.rcgu.o):(.debug_ranges)
    b8e8     b8e8        0     1                 .L0 
    b8e8     b8e8        0     1                 $d
    b918     b918        0     1                 .L0 
    b930     b930        0     1                 .L0 
    b948     b948        0     1                 .L0 
    b960     b960      558     1         /home/thomas/.rustup/toolchains/stable-aarch64-unknown-linux-gnu/lib/rustlib/riscv32imac-unknown-none-elf/lib/libcompiler_builtins-47eef77c012a25df.rlib(compiler_builtins-47eef77c012a25df.compiler_builtins.5aaf534a5da58f71-cgu.004.rcgu.o):(.debug_ranges)
    b960     b960        0     1                 .L0 
    b960     b960        0     1                 $d
    b978     b978        0     1                 .L0 
    b990     b990        0     1                 .L0 
    b9a8     b9a8        0     1                 .L0 
    b9c0     b9c0        0     1                 .L0 
    b9d8     b9d8        0     1                 .L0 
    ba08     ba08        0     1                 .L0 
    ba50     ba50        0     1                 .L0 
    baa8     baa8        0     1                 .L0 
    baf8     baf8        0     1                 .L0 
    bb10     bb10        0     1                 .L0 
    bb40     bb40        0     1                 .L0 
    bb58     bb58        0     1                 .L0 
    bb70     bb70        0     1                 .L0 
    bb88     bb88        0     1                 .L0 
    bba0     bba0        0     1                 .L0 
    bbe8     bbe8        0     1                 .L0 
    bc00     bc00        0     1                 .L0 
    bc18     bc18        0     1                 .L0 
    bc30     bc30        0     1                 .L0 
    bc48     bc48        0     1                 .L0 
    bc60     bc60        0     1                 .L0 
    bc78     bc78        0     1                 .L0 
    bcc0     bcc0        0     1                 .L0 
    bcd8     bcd8        0     1                 .L0 
    bcf0     bcf0        0     1                 .L0 
    bd10     bd10        0     1                 .L0 
    bd28     bd28        0     1                 .L0 
    bd40     bd40        0     1                 .L0 
    bd68     bd68        0     1                 .L0 
    bda8     bda8        0     1                 .L0 
    bdc0     bdc0        0     1                 .L0 
    bde0     bde0        0     1                 .L0 
    be08     be08        0     1                 .L0 
    be20     be20        0     1                 .L0 
    be38     be38        0     1                 .L0 
    be50     be50        0     1                 .L0 
    be68     be68        0     1                 .L0 
    be80     be80        0     1                 .L0 
    be98     be98        0     1                 .L0 
    beb8     beb8      1b0     1         /home/thomas/.rustup/toolchains/stable-aarch64-unknown-linux-gnu/lib/rustlib/riscv32imac-unknown-none-elf/lib/libcompiler_builtins-47eef77c012a25df.rlib(compiler_builtins-47eef77c012a25df.compiler_builtins.5aaf534a5da58f71-cgu.019.rcgu.o):(.debug_ranges)
    beb8     beb8        0     1                 .L0 
    beb8     beb8        0     1                 $d
    bf08     bf08        0     1                 .L0 
    bf48     bf48        0     1                 .L0 
    bf90     bf90        0     1                 .L0 
    bfc8     bfc8        0     1                 .L0 
    c000     c000        0     1                 .L0 
    c018     c018        0     1                 .L0 
    c068     c068       98     1         /home/thomas/.rustup/toolchains/stable-aarch64-unknown-linux-gnu/lib/rustlib/riscv32imac-unknown-none-elf/lib/libcompiler_builtins-47eef77c012a25df.rlib(compiler_builtins-47eef77c012a25df.compiler_builtins.5aaf534a5da58f71-cgu.260.rcgu.o):(.debug_ranges)
    c068     c068        0     1                 .L0 
    c068     c068        0     1                 $d
    c088     c088        0     1                 .L0 
    c0a8     c0a8        0     1                 .L0 
    c0c8     c0c8        0     1                 .L0 
    c0e8     c0e8        0     1                 .L0 
    c100     c100      d10     1         /home/thomas/.rustup/toolchains/stable-aarch64-unknown-linux-gnu/lib/rustlib/riscv32imac-unknown-none-elf/lib/libcompiler_builtins-47eef77c012a25df.rlib(compiler_builtins-47eef77c012a25df.compiler_builtins.5aaf534a5da58f71-cgu.000.rcgu.o):(.debug_ranges)
    c100     c100        0     1                 .L0 
    c100     c100        0     1                 $d
    c118     c118        0     1                 .L0 
    c130     c130        0     1                 .L0 
    c150     c150        0     1                 .L0 
    c170     c170        0     1                 .L0 
    c190     c190        0     1                 .L0 
    c210     c210        0     1                 .L0 
    c290     c290        0     1                 .L0 
    c338     c338        0     1                 .L0 
    c3e0     c3e0        0     1                 .L0 
    c3f8     c3f8        0     1                 .L0 
    c438     c438        0     1                 .L0 
    c480     c480        0     1                 .L0 
    c4b0     c4b0        0     1                 .L0 
    c4f0     c4f0        0     1                 .L0 
    c558     c558        0     1                 .L0 
    c590     c590        0     1                 .L0 
    c5c0     c5c0        0     1                 .L0 
    c5e8     c5e8        0     1                 .L0 
    c608     c608        0     1                 .L0 
    c628     c628        0     1                 .L0 
    c648     c648        0     1                 .L0 
    c660     c660        0     1                 .L0 
    c698     c698        0     1                 .L0 
    c6d8     c6d8        0     1                 .L0 
    c700     c700        0     1                 .L0 
    c720     c720        0     1                 .L0 
    c758     c758        0     1                 .L0 
    c770     c770        0     1                 .L0 
    c7b0     c7b0        0     1                 .L0 
    c7c8     c7c8        0     1                 .L0 
    c7e0     c7e0        0     1                 .L0 
    c800     c800        0     1                 .L0 
    c820     c820        0     1                 .L0 
    c838     c838        0     1                 .L0 
    c860     c860        0     1                 .L0 
    c880     c880        0     1                 .L0 
    c8c8     c8c8        0     1                 .L0 
    c8e0     c8e0        0     1                 .L0 
    c8f8     c8f8        0     1                 .L0 
    c910     c910        0     1                 .L0 
    c928     c928        0     1                 .L0 
    c940     c940        0     1                 .L0 
    c958     c958        0     1                 .L0 
    c970     c970        0     1                 .L0 
    c988     c988        0     1                 .L0 
    c9a0     c9a0        0     1                 .L0 
    c9b8     c9b8        0     1                 .L0 
    c9d0     c9d0        0     1                 .L0 
    c9e8     c9e8        0     1                 .L0 
    ca00     ca00        0     1                 .L0 
    ca20     ca20        0     1                 .L0 
    ca70     ca70        0     1                 .L0 
    ca88     ca88        0     1                 .L0 
    caa0     caa0        0     1                 .L0 
    cac0     cac0        0     1                 .L0 
    cad8     cad8        0     1                 .L0 
    caf8     caf8        0     1                 .L0 
    cb20     cb20        0     1                 .L0 
    cb40     cb40        0     1                 .L0 
    cb58     cb58        0     1                 .L0 
    cb70     cb70        0     1                 .L0 
    cb88     cb88        0     1                 .L0 
    cba0     cba0        0     1                 .L0 
    cbb8     cbb8        0     1                 .L0 
    cbf8     cbf8        0     1                 .L0 
    cc28     cc28        0     1                 .L0 
    cc48     cc48        0     1                 .L0 
    cc60     cc60        0     1                 .L0 
    cc78     cc78        0     1                 .L0 
    cc90     cc90        0     1                 .L0 
    ccb0     ccb0        0     1                 .L0 
    ccd0     ccd0        0     1                 .L0 
    ccf0     ccf0        0     1                 .L0 
    cd10     cd10        0     1                 .L0 
    cd30     cd30        0     1                 .L0 
    cd48     cd48        0     1                 .L0 
    cd60     cd60        0     1                 .L0 
    cd78     cd78        0     1                 .L0 
    cd90     cd90        0     1                 .L0 
    cdb8     cdb8        0     1                 .L0 
    cdd8     cdd8        0     1                 .L0 
    cdf0     cdf0        0     1                 .L0 
    ce10     ce10       68     1         /home/thomas/.rustup/toolchains/stable-aarch64-unknown-linux-gnu/lib/rustlib/riscv32imac-unknown-none-elf/lib/libcompiler_builtins-47eef77c012a25df.rlib(compiler_builtins-47eef77c012a25df.compiler_builtins.5aaf534a5da58f71-cgu.275.rcgu.o):(.debug_ranges)
    ce10     ce10        0     1                 .L0 
    ce10     ce10        0     1                 $d
    ce30     ce30        0     1                 .L0 
    ce48     ce48        0     1                 .L0 
    ce60     ce60        0     1                 .L0 
    ce78     ce78       48     1         /home/thomas/.rustup/toolchains/stable-aarch64-unknown-linux-gnu/lib/rustlib/riscv32imac-unknown-none-elf/lib/libcompiler_builtins-47eef77c012a25df.rlib(compiler_builtins-47eef77c012a25df.compiler_builtins.5aaf534a5da58f71-cgu.283.rcgu.o):(.debug_ranges)
    ce78     ce78        0     1                 .L0 
    ce78     ce78        0     1                 $d
    ce90     ce90        0     1                 .L0 
    cea8     cea8        0     1                 .L0 
    cec0     cec0       20     1         /home/thomas/.rustup/toolchains/stable-aarch64-unknown-linux-gnu/lib/rustlib/riscv32imac-unknown-none-elf/lib/libcompiler_builtins-47eef77c012a25df.rlib(compiler_builtins-47eef77c012a25df.compiler_builtins.5aaf534a5da58f71-cgu.331.rcgu.o):(.debug_ranges)
    cec0     cec0        0     1                 .L0 
    cec0     cec0        0     1                 $d
    cee0     cee0       d8     1         /home/thomas/.rustup/toolchains/stable-aarch64-unknown-linux-gnu/lib/rustlib/riscv32imac-unknown-none-elf/lib/libcompiler_builtins-47eef77c012a25df.rlib(compiler_builtins-47eef77c012a25df.compiler_builtins.5aaf534a5da58f71-cgu.333.rcgu.o):(.debug_ranges)
    cee0     cee0        0     1                 .L0 
    cee0     cee0        0     1                 $d
    cf20     cf20        0     1                 .L0 
    cf60     cf60        0     1                 .L0 
    cfa0     cfa0        0     1                 .L0 
    cfb8     cfb8      418     1         /home/thomas/.rustup/toolchains/stable-aarch64-unknown-linux-gnu/lib/rustlib/riscv32imac-unknown-none-elf/lib/libcompiler_builtins-47eef77c012a25df.rlib(compiler_builtins-47eef77c012a25df.compiler_builtins.5aaf534a5da58f71-cgu.009.rcgu.o):(.debug_ranges)
    cfb8     cfb8        0     1                 .L0 
    cfb8     cfb8        0     1                 $d
    cfd0     cfd0        0     1                 .L0 
    cfe8     cfe8        0     1                 .L0 
    d008     d008        0     1                 .L0 
    d028     d028        0     1                 .L0 
    d040     d040        0     1                 .L0 
    d058     d058        0     1                 .L0 
    d078     d078        0     1                 .L0 
    d090     d090        0     1                 .L0 
    d0a8     d0a8        0     1                 .L0 
    d0c0     d0c0        0     1                 .L0 
    d0f0     d0f0        0     1                 .L0 
    d108     d108        0     1                 .L0 
    d128     d128        0     1                 .L0 
    d150     d150        0     1                 .L0 
    d170     d170        0     1                 .L0 
    d190     d190        0     1                 .L0 
    d1a8     d1a8        0     1                 .L0 
    d1c0     d1c0        0     1                 .L0 
    d1e0     d1e0        0     1                 .L0 
    d200     d200        0     1                 .L0 
    d228     d228        0     1                 .L0 
    d240     d240        0     1                 .L0 
    d258     d258        0     1                 .L0 
    d278     d278        0     1                 .L0 
    d298     d298        0     1                 .L0 
    d2b0     d2b0        0     1                 .L0 
    d2c8     d2c8        0     1                 .L0 
    d2e8     d2e8        0     1                 .L0 
    d300     d300        0     1                 .L0 
    d320     d320        0     1                 .L0 
    d340     d340        0     1                 .L0 
    d358     d358        0     1                 .L0 
    d370     d370        0     1                 .L0 
    d388     d388        0     1                 .L0 
    d3a0     d3a0        0     1                 .L0 
    d3d0     d3d0       18     1         /home/thomas/.rustup/toolchains/stable-aarch64-unknown-linux-gnu/lib/rustlib/riscv32imac-unknown-none-elf/lib/libcompiler_builtins-47eef77c012a25df.rlib(compiler_builtins-47eef77c012a25df.compiler_builtins.5aaf534a5da58f71-cgu.348.rcgu.o):(.debug_ranges)
    d3d0     d3d0        0     1                 .L0 
    d3d0     d3d0        0     1                 $d
    d3e8     d3e8       78     1         /home/thomas/.rustup/toolchains/stable-aarch64-unknown-linux-gnu/lib/rustlib/riscv32imac-unknown-none-elf/lib/libcompiler_builtins-47eef77c012a25df.rlib(compiler_builtins-47eef77c012a25df.compiler_builtins.5aaf534a5da58f71-cgu.350.rcgu.o):(.debug_ranges)
    d3e8     d3e8        0     1                 .L0 
    d3e8     d3e8        0     1                 $d
    d418     d418        0     1                 .L0 
    d430     d430        0     1                 .L0 
    d448     d448        0     1                 .L0 
       0        0    11020     4 .symtab
       0        0    11020     4         <internal>:(.symtab)
       0        0       af     1 .shstrtab
       0        0       af     1         <internal>:(.shstrtab)
       0        0     6f85     1 .strtab
       0        0     6f85     1         <internal>:(.strtab)
