     VMA      LMA     Size Align Out     In      Symbol
       0        0  1000000     1 . = 0x1000000
 1000000  1000000       1c     4 .text
 1000000  1000000       18     4         /home/thomas/src/os1k/target/riscv32imac-unknown-none-elf/debug/deps/libuser-53d60b54b1be8e33.rlib(user-53d60b54b1be8e33.50ox71ary2wk0lqjjh04wln10.1igrwni.rcgu.o):(.text.start)
 1000000  1000000        0     1                 .Lpcrel_hi0
 1000000  1000000        0     1                 $x
 1000000  1000000       18     1                 start
 1000018  1000018        2     2         /home/thomas/src/os1k/target/riscv32imac-unknown-none-elf/debug/deps/shell-7d3ed97ad70682b6.72u0zdbzn4kttmov3utmaz0ka.0tomdj5.rcgu.o:(.text.main)
 1000018  1000018        0     1                 .L0 
 1000018  1000018        0     1                 .L0 
 1000018  1000018        0     1                 $x
 1000018  1000018        0     1                 .L0 
 1000018  1000018        2     1                 main
 100001a  100001a        0     1                 .L0 
 100001a  100001a        0     1                 .L0 
 100001a  100001a        0     1                 .L0 
 100001a  100001a        2     2         /home/thomas/src/os1k/target/riscv32imac-unknown-none-elf/debug/deps/libuser-53d60b54b1be8e33.rlib(user-53d60b54b1be8e33.50ox71ary2wk0lqjjh04wln10.1igrwni.rcgu.o):(.text.exit)
 100001a  100001a        0     1                 .L0 
 100001a  100001a        0     1                 .L0 
 100001a  100001a        0     1                 $x
 100001a  100001a        0     1                 .L0 
 100001a  100001a        2     1                 exit
 100001c  100001c        0     1                 .L0 
 100001c  100001c        0     1                 .L0 
 100001c  100001c        0     1                 .L0 
 100001c  100001c    10004     4 .bss
 100001c  100001c        4     1         . = ALIGN(16)
 1000020  1000020    10000     1         . += 64 * 1024
 1010020  1010020        0     1         __user_stack_top = .
 1010020  1010020        0     1         
       0        0      14c     1 .debug_abbrev
       0        0       2e     1         /home/thomas/src/os1k/target/riscv32imac-unknown-none-elf/debug/deps/shell-7d3ed97ad70682b6.72u0zdbzn4kttmov3utmaz0ka.0tomdj5.rcgu.o:(.debug_abbrev)
       0        0        0     1                 $d
      2e       2e      11e     1         /home/thomas/src/os1k/target/riscv32imac-unknown-none-elf/debug/deps/libuser-53d60b54b1be8e33.rlib(user-53d60b54b1be8e33.50ox71ary2wk0lqjjh04wln10.1igrwni.rcgu.o):(.debug_abbrev)
      2e       2e        0     1                 $d
       0        0      5e8     1 .debug_info
       0        0       3e     1         /home/thomas/src/os1k/target/riscv32imac-unknown-none-elf/debug/deps/shell-7d3ed97ad70682b6.72u0zdbzn4kttmov3utmaz0ka.0tomdj5.rcgu.o:(.debug_info)
       0        0        0     1                 .L0 
       0        0        0     1                 $d
      3e       3e      5aa     1         /home/thomas/src/os1k/target/riscv32imac-unknown-none-elf/debug/deps/libuser-53d60b54b1be8e33.rlib(user-53d60b54b1be8e33.50ox71ary2wk0lqjjh04wln10.1igrwni.rcgu.o):(.debug_info)
      3e       3e        0     1                 .L0 
      3e       3e        0     1                 $d
       0        0       48     1 .debug_aranges
       0        0       20     1         /home/thomas/src/os1k/target/riscv32imac-unknown-none-elf/debug/deps/shell-7d3ed97ad70682b6.72u0zdbzn4kttmov3utmaz0ka.0tomdj5.rcgu.o:(.debug_aranges)
       0        0        0     1                 $d
      20       20       28     1         /home/thomas/src/os1k/target/riscv32imac-unknown-none-elf/debug/deps/libuser-53d60b54b1be8e33.rlib(user-53d60b54b1be8e33.50ox71ary2wk0lqjjh04wln10.1igrwni.rcgu.o):(.debug_aranges)
      20       20        0     1                 $d
       0        0      4b6     1 .debug_str
       0        0      4b6     1         <internal>:(.debug_str)
       0        0       8b     1 .comment
       0        0       8b     1         <internal>:(.comment)
       0        0       47     1 .riscv.attributes
       0        0       47     1         <internal>:(.riscv.attributes)
       0        0       58     4 .debug_frame
       0        0       24     4         /home/thomas/src/os1k/target/riscv32imac-unknown-none-elf/debug/deps/shell-7d3ed97ad70682b6.72u0zdbzn4kttmov3utmaz0ka.0tomdj5.rcgu.o:(.debug_frame)
       0        0        0     1                 .L0 
       0        0        0     1                 $d
      24       24       34     4         /home/thomas/src/os1k/target/riscv32imac-unknown-none-elf/debug/deps/libuser-53d60b54b1be8e33.rlib(user-53d60b54b1be8e33.50ox71ary2wk0lqjjh04wln10.1igrwni.rcgu.o):(.debug_frame)
      24       24        0     1                 .L0 
      24       24        0     1                 $d
       0        0       a1     1 .debug_line
       0        0       4a     1         /home/thomas/src/os1k/target/riscv32imac-unknown-none-elf/debug/deps/shell-7d3ed97ad70682b6.72u0zdbzn4kttmov3utmaz0ka.0tomdj5.rcgu.o:(.debug_line)
       0        0        0     1                 .Lline_table_start0
       0        0        0     1                 $d
      4a       4a       57     1         /home/thomas/src/os1k/target/riscv32imac-unknown-none-elf/debug/deps/libuser-53d60b54b1be8e33.rlib(user-53d60b54b1be8e33.50ox71ary2wk0lqjjh04wln10.1igrwni.rcgu.o):(.debug_line)
      4a       4a        0     1                 .Lline_table_start0
      4a       4a        0     1                 $d
       0        0       18     1 .debug_ranges
       0        0       18     1         /home/thomas/src/os1k/target/riscv32imac-unknown-none-elf/debug/deps/libuser-53d60b54b1be8e33.rlib(user-53d60b54b1be8e33.50ox71ary2wk0lqjjh04wln10.1igrwni.rcgu.o):(.debug_ranges)
       0        0        0     1                 .L0 
       0        0        0     1                 $d
       0        0      2f0     4 .symtab
       0        0      2f0     4         <internal>:(.symtab)
       0        0       9c     1 .shstrtab
       0        0       9c     1         <internal>:(.shstrtab)
       0        0      11b     1 .strtab
       0        0      11b     1         <internal>:(.strtab)
